Component: ARM Compiler 5.06 update 1 (build 61) Tool: armlink [4d35a8]

==============================================================================

Section Cross References

    main.o(.text) refers to delay.o(.text) for delay_init
    main.o(.text) refers to misc.o(.text) for NVIC_PriorityGroupConfig
    main.o(.text) refers to usart.o(.text) for uart_init
    main.o(.text) refers to wifi.o(.text) for usart2_init
    main.o(.text) refers to uart5.o(.text) for uart5_init
    main.o(.text) refers to key.o(.text) for KEY_Init
    main.o(.text) refers to lcd.o(.text) for LCD_Init
    main.o(.text) refers to adc.o(.text) for Adc_Init
    main.o(.text) refers to led.o(.text) for LED_Init
    main.o(.text) refers to malloc.o(.text) for mem_init
    main.o(.text) refers to exfuns.o(.text) for exfuns_init
    main.o(.text) refers to ff.o(.text) for f_mount
    main.o(.text) refers to fontupd.o(.text) for font_init
    main.o(.text) refers to mmc_sd.o(.text) for SD_Initialize
    main.o(.text) refers to rand.o(.text) for srand
    main.o(.text) refers to image2lcd.o(.text) for image_display
    main.o(.text) refers to printf8.o(i.__0printf$8) for __2printf
    main.o(.text) refers to stm32f10x_tim.o(.text) for TIM_SetCounter
    main.o(.text) refers to xinlvxueya.o(.text) for get_xinlv
    main.o(.text) refers to touch.o(.data) for tp_dev
    main.o(.text) refers to exfuns.o(.data) for fs
    main.o(.text) refers to lcd.o(.data) for POINT_COLOR
    main.o(.text) refers to image1.o(.constdata) for gImage_image1
    main.o(.text) refers to wifi.o(.data) for wifi_lcd
    main.o(.text) refers to wifi.o(.bss) for get_wifista_ssid_buf
    main.o(.text) refers to xinlvxueya.o(.data) for average1
    main.o(.text) refers to uart5.o(.data) for Get_data
    system_stm32f10x.o(.text) refers to system_stm32f10x.o(.data) for SystemCoreClock
    startup_stm32f10x_hd.o(RESET) refers to startup_stm32f10x_hd.o(STACK) for __initial_sp
    startup_stm32f10x_hd.o(RESET) refers to startup_stm32f10x_hd.o(.text) for Reset_Handler
    startup_stm32f10x_hd.o(RESET) refers to stm32f10x_it.o(.text) for NMI_Handler
    startup_stm32f10x_hd.o(RESET) refers to usmart.o(.text) for TIM2_IRQHandler
    startup_stm32f10x_hd.o(RESET) refers to uart5.o(.text) for TIM3_IRQHandler
    startup_stm32f10x_hd.o(RESET) refers to wifi.o(.text) for TIM4_IRQHandler
    startup_stm32f10x_hd.o(RESET) refers to usart.o(.text) for USART1_IRQHandler
    startup_stm32f10x_hd.o(.text) refers to system_stm32f10x.o(.text) for SystemInit
    startup_stm32f10x_hd.o(.text) refers to entry.o(.ARM.Collect$$$$00000000) for __main
    stm32f10x_adc.o(.text) refers to stm32f10x_rcc.o(.text) for RCC_APB2PeriphResetCmd
    stm32f10x_bkp.o(.text) refers to stm32f10x_rcc.o(.text) for RCC_BackupResetCmd
    stm32f10x_can.o(.text) refers to stm32f10x_rcc.o(.text) for RCC_APB1PeriphResetCmd
    stm32f10x_cec.o(.text) refers to stm32f10x_rcc.o(.text) for RCC_APB1PeriphResetCmd
    stm32f10x_dac.o(.text) refers to stm32f10x_rcc.o(.text) for RCC_APB1PeriphResetCmd
    stm32f10x_gpio.o(.text) refers to stm32f10x_rcc.o(.text) for RCC_APB2PeriphResetCmd
    stm32f10x_i2c.o(.text) refers to stm32f10x_rcc.o(.text) for RCC_APB1PeriphResetCmd
    stm32f10x_pwr.o(.text) refers to stm32f10x_rcc.o(.text) for RCC_APB1PeriphResetCmd
    stm32f10x_rcc.o(.text) refers to stm32f10x_rcc.o(.data) for APBAHBPrescTable
    stm32f10x_spi.o(.text) refers to stm32f10x_rcc.o(.text) for RCC_APB2PeriphResetCmd
    stm32f10x_tim.o(.text) refers to stm32f10x_rcc.o(.text) for RCC_APB2PeriphResetCmd
    stm32f10x_usart.o(.text) refers to stm32f10x_rcc.o(.text) for RCC_APB2PeriphResetCmd
    stm32f10x_wwdg.o(.text) refers to stm32f10x_rcc.o(.text) for RCC_APB1PeriphResetCmd
    delay.o(.text) refers to misc.o(.text) for SysTick_CLKSourceConfig
    delay.o(.text) refers to system_stm32f10x.o(.data) for SystemCoreClock
    delay.o(.text) refers to delay.o(.data) for fac_us
    usart.o(.text) refers to stm32f10x_rcc.o(.text) for RCC_APB2PeriphClockCmd
    usart.o(.text) refers to stm32f10x_gpio.o(.text) for GPIO_Init
    usart.o(.text) refers to misc.o(.text) for NVIC_Init
    usart.o(.text) refers to stm32f10x_usart.o(.text) for USART_Init
    usart.o(.text) refers to usart.o(.data) for USART_RX_STA
    usart.o(.text) refers to usart.o(.bss) for USART_RX_BUF
    xinlvxueya.o(.text) refers to stm32f10x_usart.o(.text) for USART_SendData
    xinlvxueya.o(.text) refers to delay.o(.text) for delay_ms
    xinlvxueya.o(.text) refers to printf8.o(i.__0printf$8) for __2printf
    xinlvxueya.o(.text) refers to lcd.o(.text) for LCD_ShowString
    xinlvxueya.o(.text) refers to memseta.o(.text) for __aeabi_memclr4
    xinlvxueya.o(.text) refers to dflti.o(.text) for __aeabi_i2d
    xinlvxueya.o(.text) refers to dmul.o(.text) for __aeabi_dmul
    xinlvxueya.o(.text) refers to ddiv.o(.text) for __aeabi_ddiv
    xinlvxueya.o(.text) refers to dfixi.o(.text) for __aeabi_d2iz
[...]
    I2C2_ER_IRQHandler                       0x08000853   Thumb Code     0  startup_stm32f10x_hd.o(.text)
    I2C2_EV_IRQHandler                       0x08000853   Thumb Code     0  startup_stm32f10x_hd.o(.text)
    PVD_IRQHandler                           0x08000853   Thumb Code     0  startup_stm32f10x_hd.o(.text)
    RCC_IRQHandler                           0x08000853   Thumb Code     0  startup_stm32f10x_hd.o(.text)
    RTCAlarm_IRQHandler                      0x08000853   Thumb Code     0  startup_stm32f10x_hd.o(.text)
    RTC_IRQHandler                           0x08000853   Thumb Code     0  startup_stm32f10x_hd.o(.text)
    SDIO_IRQHandler                          0x08000853   Thumb Code     0  startup_stm32f10x_hd.o(.text)
    SPI1_IRQHandler                          0x08000853   Thumb Code     0  startup_stm32f10x_hd.o(.text)
    SPI2_IRQHandler                          0x08000853   Thumb Code     0  startup_stm32f10x_hd.o(.text)
    SPI3_IRQHandler                          0x08000853   Thumb Code     0  startup_stm32f10x_hd.o(.text)
    TAMPER_IRQHandler                        0x08000853   Thumb Code     0  startup_stm32f10x_hd.o(.text)
    TIM1_BRK_IRQHandler                      0x08000853   Thumb Code     0  startup_stm32f10x_hd.o(.text)
    TIM1_CC_IRQHandler                       0x08000853   Thumb Code     0  startup_stm32f10x_hd.o(.text)
    TIM1_TRG_COM_IRQHandler                  0x08000853   Thumb Code     0  startup_stm32f10x_hd.o(.text)
    TIM1_UP_IRQHandler                       0x08000853   Thumb Code     0  startup_stm32f10x_hd.o(.text)
    TIM6_IRQHandler                          0x08000853   Thumb Code     0  startup_stm32f10x_hd.o(.text)
    TIM7_IRQHandler                          0x08000853   Thumb Code     0  startup_stm32f10x_hd.o(.text)
    TIM8_BRK_IRQHandler                      0x08000853   Thumb Code     0  startup_stm32f10x_hd.o(.text)
    TIM8_CC_IRQHandler                       0x08000853   Thumb Code     0  startup_stm32f10x_hd.o(.text)
    TIM8_TRG_COM_IRQHandler                  0x08000853   Thumb Code     0  startup_stm32f10x_hd.o(.text)
    TIM8_UP_IRQHandler                       0x08000853   Thumb Code     0  startup_stm32f10x_hd.o(.text)
    UART4_IRQHandler                         0x08000853   Thumb Code     0  startup_stm32f10x_hd.o(.text)
    USART3_IRQHandler                        0x08000853   Thumb Code     0  startup_stm32f10x_hd.o(.text)
    USBWakeUp_IRQHandler                     0x08000853   Thumb Code     0  startup_stm32f10x_hd.o(.text)
    USB_HP_CAN1_TX_IRQHandler                0x08000853   Thumb Code     0  startup_stm32f10x_hd.o(.text)
    USB_LP_CAN1_RX0_IRQHandler               0x08000853   Thumb Code     0  startup_stm32f10x_hd.o(.text)
    WWDG_IRQHandler                          0x08000853   Thumb Code     0  startup_stm32f10x_hd.o(.text)
    NVIC_PriorityGroupConfig                 0x0800085d   Thumb Code    10  misc.o(.text)
    NVIC_Init                                0x08000867   Thumb Code   100  misc.o(.text)
    NVIC_SetVectorTable                      0x080008cb   Thumb Code    14  misc.o(.text)
    NVIC_SystemLPConfig                      0x080008d9   Thumb Code    34  misc.o(.text)
    SysTick_CLKSourceConfig                  0x080008fb   Thumb Code    40  misc.o(.text)
    ADC_DeInit                               0x08000939   Thumb Code    78  stm32f10x_adc.o(.text)
    ADC_Init                                 0x08000987   Thumb Code    70  stm32f10x_adc.o(.text)
    ADC_StructInit                           0x080009cd   Thumb Code    18  stm32f10x_adc.o(.text)
    ADC_Cmd                                  0x080009df   Thumb Code    22  stm32f10x_adc.o(.text)
    ADC_DMACmd                               0x080009f5   Thumb Code    22  stm32f10x_adc.o(.text)
    ADC_ITConfig                             0x08000a0b   Thumb Code    24  stm32f10x_adc.o(.text)
    ADC_ResetCalibration                     0x08000a23   Thumb Code    10  stm32f10x_adc.o(.text)
    ADC_GetResetCalibrationStatus            0x08000a2d   Thumb Code    20  stm32f10x_adc.o(.text)
    ADC_StartCalibration                     0x08000a41   Thumb Code    10  stm32f10x_adc.o(.text)
    ADC_GetCalibrationStatus                 0x08000a4b   Thumb Code    20  stm32f10x_adc.o(.text)
    ADC_SoftwareStartConvCmd                 0x08000a5f   Thumb Code    22  stm32f10x_adc.o(.text)
    ADC_GetSoftwareStartConvStatus           0x08000a75   Thumb Code    20  stm32f10x_adc.o(.text)
    ADC_DiscModeChannelCountConfig           0x08000a89   Thumb Code    24  stm32f10x_adc.o(.text)
    ADC_DiscModeCmd                          0x08000aa1   Thumb Code    22  stm32f10x_adc.o(.text)
    ADC_RegularChannelConfig                 0x08000ab7   Thumb Code   184  stm32f10x_adc.o(.text)
    ADC_ExternalTrigConvCmd                  0x08000b6f   Thumb Code    22  stm32f10x_adc.o(.text)
    ADC_GetConversionValue                   0x08000b85   Thumb Code     8  stm32f10x_adc.o(.text)
    ADC_GetDualModeConversionValue           0x08000b8d   Thumb Code     8  stm32f10x_adc.o(.text)
    ADC_AutoInjectedConvCmd                  0x08000b95   Thumb Code    22  stm32f10x_adc.o(.text)
    ADC_InjectedDiscModeCmd                  0x08000bab   Thumb Code    22  stm32f10x_adc.o(.text)
    ADC_ExternalTrigInjectedConvConfig       0x08000bc1   Thumb Code    16  stm32f10x_adc.o(.text)
    ADC_ExternalTrigInjectedConvCmd          0x08000bd1   Thumb Code    22  stm32f10x_adc.o(.text)
    ADC_SoftwareStartInjectedConvCmd         0x08000be7   Thumb Code    22  stm32f10x_adc.o(.text)
    ADC_GetSoftwareStartInjectedConvCmdStatus 0x08000bfd   Thumb Code    20  stm32f10x_adc.o(.text)
    ADC_InjectedChannelConfig                0x08000c11   Thumb Code   130  stm32f10x_adc.o(.text)
    ADC_InjectedSequencerLengthConfig        0x08000c93   Thumb Code    24  stm32f10x_adc.o(.text)
    ADC_SetInjectedOffset                    0x08000cab   Thumb Code    20  stm32f10x_adc.o(.text)
    ADC_GetInjectedConversionValue           0x08000cbf   Thumb Code    28  stm32f10x_adc.o(.text)
    ADC_AnalogWatchdogCmd                    0x08000cdb   Thumb Code    16  stm32f10x_adc.o(.text)
    ADC_AnalogWatchdogThresholdsConfig       0x08000ceb   Thumb Code     6  stm32f10x_adc.o(.text)
    ADC_AnalogWatchdogSingleChannelConfig    0x08000cf1   Thumb Code    16  stm32f10x_adc.o(.text)
    ADC_TempSensorVrefintCmd                 0x08000d01   Thumb Code    64  stm32f10x_adc.o(.text)
    ADC_GetFlagStatus                        0x08000d41   Thumb Code    18  stm32f10x_adc.o(.text)
    ADC_ClearFlag                            0x08000d53   Thumb Code     6  stm32f10x_adc.o(.text)
    ADC_GetITStatus                          0x08000d59   Thumb Code    36  stm32f10x_adc.o(.text)
    ADC_ClearITPendingBit                    0x08000d7d   Thumb Code    10  stm32f10x_adc.o(.text)
    FLASH_SetLatency                         0x08000d89   Thumb Code    18  stm32f10x_flash.o(.text)
    FLASH_HalfCycleAccessCmd                 0x08000d9b   Thumb Code    22  stm32f10x_flash.o(.text)
    FLASH_PrefetchBufferCmd                  0x08000db1   Thumb Code    22  stm32f10x_flash.o(.text)
    FLASH_Unlock                             0x08000dc7   Thumb Code    12  stm32f10x_flash.o(.text)
    FLASH_UnlockBank1                        0x08000dd3   Thumb Code    12  stm32f10x_flash.o(.text)
    FLASH_Lock                               0x08000ddf   Thumb Code    14  stm32f10x_flash.o(.text)
    FLASH_LockBank1                          0x08000ded   Thumb Code    14  stm32f10x_flash.o(.text)
    FLASH_GetBank1Status                     0x08000dfb   Thumb Code    48  stm32f10x_flash.o(.text)
    FLASH_WaitForLastOperation               0x08000e2b   Thumb Code    38  stm32f10x_flash.o(.text)
    FLASH_ErasePage                          0x08000e51   Thumb Code    72  stm32f10x_flash.o(.text)
    FLASH_EraseAllPages                      0x08000e99   Thumb Code    68  stm32f10x_flash.o(.text)
    FLASH_WaitForLastBank1Operation          0x08000edd   Thumb Code    38  stm32f10x_flash.o(.text)
    FLASH_EraseAllBank1Pages                 0x08000f03   Thumb Code    68  stm32f10x_flash.o(.text)
    FLASH_GetReadOutProtectionStatus         0x08000f47   Thumb Code    20  stm32f10x_flash.o(.text)
    FLASH_EraseOptionBytes                   0x08000f5b   Thumb Code   150  stm32f10x_flash.o(.text)
    FLASH_ProgramWord                        0x08000ff1   Thumb Code   102  stm32f10x_flash.o(.text)
    FLASH_ProgramHalfWord                    0x08001057   Thumb Code    60  stm32f10x_flash.o(.text)
    FLASH_ProgramOptionByteData              0x08001093   Thumb Code    72  stm32f10x_flash.o(.text)
    FLASH_EnableWriteProtection              0x080010db   Thumb Code   200  stm32f10x_flash.o(.text)
    FLASH_ReadOutProtection                  0x080011a3   Thumb Code   156  stm32f10x_flash.o(.text)
    FLASH_UserOptionByteConfig               0x0800123f   Thumb Code    88  stm32f10x_flash.o(.text)
    FLASH_GetUserOptionByte                  0x08001297   Thumb Code     8  stm32f10x_flash.o(.text)
    FLASH_GetWriteProtectionOptionByte       0x0800129f   Thumb Code     6  stm32f10x_flash.o(.text)
    FLASH_GetPrefetchBufferStatus            0x080012a5   Thumb Code    20  stm32f10x_flash.o(.text)
    FLASH_ITConfig                           0x080012b9   Thumb Code    26  stm32f10x_flash.o(.text)
    FLASH_GetFlagStatus                      0x080012d3   Thumb Code    42  stm32f10x_flash.o(.text)
    FLASH_ClearFlag                          0x080012fd   Thumb Code     6  stm32f10x_flash.o(.text)
    FLASH_GetStatus                          0x08001303   Thumb Code    48  stm32f10x_flash.o(.text)
    GPIO_DeInit                              0x08001345   Thumb Code   172  stm32f10x_gpio.o(.text)
    GPIO_AFIODeInit                          0x080013f1   Thumb Code    20  stm32f10x_gpio.o(.text)
    GPIO_Init                                0x08001405   Thumb Code   278  stm32f10x_gpio.o(.text)
    GPIO_StructInit                          0x0800151b   Thumb Code    16  stm32f10x_gpio.o(.text)
    GPIO_ReadInputDataBit                    0x0800152b   Thumb Code    18  stm32f10x_gpio.o(.text)
    GPIO_ReadInputData                       0x0800153d   Thumb Code     8  stm32f10x_gpio.o(.text)
    GPIO_ReadOutputDataBit                   0x08001545   Thumb Code    18  stm32f10x_gpio.o(.text)
    GPIO_ReadOutputData                      0x08001557   Thumb Code     8  stm32f10x_gpio.o(.text)
    GPIO_SetBits                             0x0800155f   Thumb Code     4  stm32f10x_gpio.o(.text)
    GPIO_ResetBits                           0x08001563   Thumb Code     4  stm32f10x_gpio.o(.text)
    GPIO_WriteBit                            0x08001567   Thumb Code    10  stm32f10x_gpio.o(.text)
    GPIO_Write                               0x08001571   Thumb Code     4  stm32f10x_gpio.o(.text)
    GPIO_PinLockConfig                       0x08001575   Thumb Code    18  stm32f10x_gpio.o(.text)
    GPIO_EventOutputConfig                   0x08001587   Thumb Code    26  stm32f10x_gpio.o(.text)
    GPIO_EventOutputCmd                      0x080015a1   Thumb Code     6  stm32f10x_gpio.o(.text)
    GPIO_PinRemapConfig                      0x080015a7   Thumb Code   138  stm32f10x_gpio.o(.text)
    GPIO_EXTILineConfig                      0x08001631   Thumb Code    66  stm32f10x_gpio.o(.text)
    GPIO_ETH_MediaInterfaceConfig            0x08001673   Thumb Code     8  stm32f10x_gpio.o(.text)
    RCC_DeInit                               0x080016a1   Thumb Code    64  stm32f10x_rcc.o(.text)
    RCC_HSEConfig                            0x080016e1   Thumb Code    70  stm32f10x_rcc.o(.text)
    RCC_GetFlagStatus                        0x08001727   Thumb Code    56  stm32f10x_rcc.o(.text)
    RCC_WaitForHSEStartUp                    0x0800175f   Thumb Code    56  stm32f10x_rcc.o(.text)
    RCC_AdjustHSICalibrationValue            0x08001797   Thumb Code    20  stm32f10x_rcc.o(.text)
    RCC_HSICmd                               0x080017ab   Thumb Code     6  stm32f10x_rcc.o(.text)
    RCC_PLLConfig                            0x080017b1   Thumb Code    24  stm32f10x_rcc.o(.text)
    RCC_PLLCmd                               0x080017c9   Thumb Code     6  stm32f10x_rcc.o(.text)
    RCC_SYSCLKConfig                         0x080017cf   Thumb Code    18  stm32f10x_rcc.o(.text)
    RCC_GetSYSCLKSource                      0x080017e1   Thumb Code    10  stm32f10x_rcc.o(.text)
    RCC_HCLKConfig                           0x080017eb   Thumb Code    18  stm32f10x_rcc.o(.text)
    RCC_PCLK1Config                          0x080017fd   Thumb Code    18  stm32f10x_rcc.o(.text)
    RCC_PCLK2Config                          0x0800180f   Thumb Code    20  stm32f10x_rcc.o(.text)
    RCC_ITConfig                             0x08001823   Thumb Code    26  stm32f10x_rcc.o(.text)
    RCC_USBCLKConfig                         0x0800183d   Thumb Code     8  stm32f10x_rcc.o(.text)
    RCC_ADCCLKConfig                         0x08001845   Thumb Code    18  stm32f10x_rcc.o(.text)
    RCC_LSEConfig                            0x08001857   Thumb Code    50  stm32f10x_rcc.o(.text)
    RCC_LSICmd                               0x08001889   Thumb Code     6  stm32f10x_rcc.o(.text)
    RCC_RTCCLKConfig                         0x0800188f   Thumb Code    12  stm32f10x_rcc.o(.text)
    RCC_RTCCLKCmd                            0x0800189b   Thumb Code     8  stm32f10x_rcc.o(.text)
    RCC_GetClocksFreq                        0x080018a3   Thumb Code   192  stm32f10x_rcc.o(.text)
    RCC_AHBPeriphClockCmd                    0x08001963   Thumb Code    26  stm32f10x_rcc.o(.text)
    RCC_APB2PeriphClockCmd                   0x0800197d   Thumb Code    26  stm32f10x_rcc.o(.text)
    RCC_APB1PeriphClockCmd                   0x08001997   Thumb Code    26  stm32f10x_rcc.o(.text)
    RCC_APB2PeriphResetCmd                   0x080019b1   Thumb Code    26  stm32f10x_rcc.o(.text)
    RCC_APB1PeriphResetCmd                   0x080019cb   Thumb Code    26  stm32f10x_rcc.o(.text)
    RCC_BackupResetCmd                       0x080019e5   Thumb Code     8  stm32f10x_rcc.o(.text)
    RCC_ClockSecuritySystemCmd               0x080019ed   Thumb Code     6  stm32f10x_rcc.o(.text)
    RCC_MCOConfig                            0x080019f3   Thumb Code     6  stm32f10x_rcc.o(.text)
    RCC_ClearFlag                            0x080019f9   Thumb Code    14  stm32f10x_rcc.o(.text)
    RCC_GetITStatus                          0x08001a07   Thumb Code    20  stm32f10x_rcc.o(.text)
    RCC_ClearITPendingBit                    0x08001a1b   Thumb Code     6  stm32f10x_rcc.o(.text)
    SPI_I2S_DeInit                           0x08001a45   Thumb Code    76  stm32f10x_spi.o(.text)
    SPI_Init                                 0x08001a91   Thumb Code    60  stm32f10x_spi.o(.text)
    I2S_Init                                 0x08001acd   Thumb Code   226  stm32f10x_spi.o(.text)
    SPI_StructInit                           0x08001baf   Thumb Code    24  stm32f10x_spi.o(.text)
    I2S_StructInit                           0x08001bc7   Thumb Code    20  stm32f10x_spi.o(.text)
    SPI_Cmd                                  0x08001bdb   Thumb Code    24  stm32f10x_spi.o(.text)
    I2S_Cmd                                  0x08001bf3   Thumb Code    24  stm32f10x_spi.o(.text)
    SPI_I2S_ITConfig                         0x08001c0b   Thumb Code    32  stm32f10x_spi.o(.text)
    SPI_I2S_DMACmd                           0x08001c2b   Thumb Code    18  stm32f10x_spi.o(.text)
    SPI_I2S_SendData                         0x08001c3d   Thumb Code     4  stm32f10x_spi.o(.text)
    SPI_I2S_ReceiveData                      0x08001c41   Thumb Code     6  stm32f10x_spi.o(.text)
    SPI_NSSInternalSoftwareConfig            0x08001c47   Thumb Code    30  stm32f10x_spi.o(.text)
    SPI_SSOutputCmd                          0x08001c65   Thumb Code    24  stm32f10x_spi.o(.text)
    SPI_DataSizeConfig                       0x08001c7d   Thumb Code    18  stm32f10x_spi.o(.text)
    SPI_TransmitCRC                          0x08001c8f   Thumb Code    10  stm32f10x_spi.o(.text)
    SPI_CalculateCRC                         0x08001c99   Thumb Code    24  stm32f10x_spi.o(.text)
    SPI_GetCRC                               0x08001cb1   Thumb Code    16  stm32f10x_spi.o(.text)
    SPI_GetCRCPolynomial                     0x08001cc1   Thumb Code     6  stm32f10x_spi.o(.text)
    SPI_BiDirectionalLineConfig              0x08001cc7   Thumb Code    28  stm32f10x_spi.o(.text)
    SPI_I2S_GetFlagStatus                    0x08001ce3   Thumb Code    18  stm32f10x_spi.o(.text)
    SPI_I2S_ClearFlag                        0x08001cf5   Thumb Code     6  stm32f10x_spi.o(.text)
    SPI_I2S_GetITStatus                      0x08001cfb   Thumb Code    52  stm32f10x_spi.o(.text)
    SPI_I2S_ClearITPendingBit                0x08001d2f   Thumb Code    20  stm32f10x_spi.o(.text)
    TIM_DeInit                               0x08001d51   Thumb Code   424  stm32f10x_tim.o(.text)
    TIM_TimeBaseInit                         0x08001ef9   Thumb Code   122  stm32f10x_tim.o(.text)
    TIM_OC1Init                              0x08001f73   Thumb Code   132  stm32f10x_tim.o(.text)
    TIM_OC2Init                              0x08001ff7   Thumb Code   154  stm32f10x_tim.o(.text)
    TIM_OC3Init                              0x08002091   Thumb Code   150  stm32f10x_tim.o(.text)
    TIM_OC4Init                              0x08002127   Thumb Code   182  stm32f10x_tim.o(.text)
    TIM_SetIC4Prescaler                      0x080021dd   Thumb Code    26  stm32f10x_tim.o(.text)
    TIM_SetIC3Prescaler                      0x08002279   Thumb Code    18  stm32f10x_tim.o(.text)
    TIM_SetIC2Prescaler                      0x08002305   Thumb Code    26  stm32f10x_tim.o(.text)
    TIM_SetIC1Prescaler                      0x080023a1   Thumb Code    18  stm32f10x_tim.o(.text)
    TIM_ICInit                               0x0800241f   Thumb Code   150  stm32f10x_tim.o(.text)
    TIM_PWMIConfig                           0x080024b5   Thumb Code   124  stm32f10x_tim.o(.text)
    TIM_BDTRConfig                           0x08002531   Thumb Code    32  stm32f10x_tim.o(.text)
    TIM_TimeBaseStructInit                   0x08002551   Thumb Code    18  stm32f10x_tim.o(.text)
    TIM_OCStructInit                         0x08002563   Thumb Code    20  stm32f10x_tim.o(.text)
    TIM_ICStructInit                         0x08002577   Thumb Code    18  stm32f10x_tim.o(.text)
    TIM_BDTRStructInit                       0x08002589   Thumb Code    40  stm32f10x_tim.o(.text)
    TIM_Cmd                                  0x080025b1   Thumb Code    24  stm32f10x_tim.o(.text)
    TIM_CtrlPWMOutputs                       0x080025c9   Thumb Code    30  stm32f10x_tim.o(.text)
    TIM_ITConfig                             0x080025e7   Thumb Code    18  stm32f10x_tim.o(.text)
    TIM_GenerateEvent                        0x080025f9   Thumb Code     4  stm32f10x_tim.o(.text)
    TIM_DMAConfig                            0x080025fd   Thumb Code    10  stm32f10x_tim.o(.text)
    TIM_DMACmd                               0x08002607   Thumb Code    18  stm32f10x_tim.o(.text)
    TIM_InternalClockConfig                  0x08002619   Thumb Code    12  stm32f10x_tim.o(.text)
    TIM_SelectInputTrigger                   0x08002625   Thumb Code    18  stm32f10x_tim.o(.text)
    TIM_ITRxExternalClockConfig              0x08002637   Thumb Code    24  stm32f10x_tim.o(.text)
    TIM_TIxExternalClockConfig               0x0800264f   Thumb Code    62  stm32f10x_tim.o(.text)
    TIM_ETRConfig                            0x0800268d   Thumb Code    28  stm32f10x_tim.o(.text)
    TIM_ETRClockMode1Config                  0x080026a9   Thumb Code    54  stm32f10x_tim.o(.text)
    TIM_ETRClockMode2Config                  0x080026df   Thumb Code    32  stm32f10x_tim.o(.text)
    TIM_PrescalerConfig                      0x080026ff   Thumb Code     6  stm32f10x_tim.o(.text)
    TIM_CounterModeConfig                    0x08002705   Thumb Code    18  stm32f10x_tim.o(.text)
    TIM_EncoderInterfaceConfig               0x08002717   Thumb Code    66  stm32f10x_tim.o(.text)
    TIM_ForcedOC1Config                      0x08002759   Thumb Code    18  stm32f10x_tim.o(.text)
    TIM_ForcedOC2Config                      0x0800276b   Thumb Code    26  stm32f10x_tim.o(.text)
    TIM_ForcedOC3Config                      0x08002785   Thumb Code    18  stm32f10x_tim.o(.text)
    TIM_ForcedOC4Config                      0x08002797   Thumb Code    26  stm32f10x_tim.o(.text)
    TIM_ARRPreloadConfig                     0x080027b1   Thumb Code    24  stm32f10x_tim.o(.text)
    TIM_SelectCOM                            0x080027c9   Thumb Code    24  stm32f10x_tim.o(.text)
    TIM_SelectCCDMA                          0x080027e1   Thumb Code    24  stm32f10x_tim.o(.text)
    TIM_CCPreloadControl                     0x080027f9   Thumb Code    24  stm32f10x_tim.o(.text)
    TIM_OC1PreloadConfig                     0x08002811   Thumb Code    18  stm32f10x_tim.o(.text)
    TIM_OC2PreloadConfig                     0x08002823   Thumb Code    26  stm32f10x_tim.o(.text)
    TIM_OC3PreloadConfig                     0x0800283d   Thumb Code    18  stm32f10x_tim.o(.text)
    TIM_OC4PreloadConfig                     0x0800284f   Thumb Code    26  stm32f10x_tim.o(.text)
    TIM_OC1FastConfig                        0x08002869   Thumb Code    18  stm32f10x_tim.o(.text)
    TIM_OC2FastConfig                        0x0800287b   Thumb Code    26  stm32f10x_tim.o(.text)
    TIM_OC3FastConfig                        0x08002895   Thumb Code    18  stm32f10x_tim.o(.text)
    TIM_OC4FastConfig                        0x080028a7   Thumb Code    26  stm32f10x_tim.o(.text)
    TIM_ClearOC1Ref                          0x080028c1   Thumb Code    18  stm32f10x_tim.o(.text)
    TIM_ClearOC2Ref                          0x080028d3   Thumb Code    24  stm32f10x_tim.o(.text)
    TIM_ClearOC3Ref                          0x080028eb   Thumb Code    18  stm32f10x_tim.o(.text)
    TIM_ClearOC4Ref                          0x080028fd   Thumb Code    24  stm32f10x_tim.o(.text)
    TIM_OC1PolarityConfig                    0x08002915   Thumb Code    18  stm32f10x_tim.o(.text)
    TIM_OC1NPolarityConfig                   0x08002927   Thumb Code    18  stm32f10x_tim.o(.text)
    TIM_OC2PolarityConfig                    0x08002939   Thumb Code    26  stm32f10x_tim.o(.text)
    TIM_OC2NPolarityConfig                   0x08002953   Thumb Code    26  stm32f10x_tim.o(.text)
    TIM_OC3PolarityConfig                    0x0800296d   Thumb Code    26  stm32f10x_tim.o(.text)
    TIM_OC3NPolarityConfig                   0x08002987   Thumb Code    26  stm32f10x_tim.o(.text)
    TIM_OC4PolarityConfig                    0x080029a1   Thumb Code    26  stm32f10x_tim.o(.text)
    TIM_CCxCmd                               0x080029bb   Thumb Code    30  stm32f10x_tim.o(.text)
    TIM_CCxNCmd                              0x080029d9   Thumb Code    30  stm32f10x_tim.o(.text)
    TIM_SelectOCxM                           0x080029f7   Thumb Code    82  stm32f10x_tim.o(.text)
    TIM_UpdateDisableConfig                  0x08002a49   Thumb Code    24  stm32f10x_tim.o(.text)
    TIM_UpdateRequestConfig                  0x08002a61   Thumb Code    24  stm32f10x_tim.o(.text)
    TIM_SelectHallSensor                     0x08002a79   Thumb Code    24  stm32f10x_tim.o(.text)
    TIM_SelectOnePulseMode                   0x08002a91   Thumb Code    18  stm32f10x_tim.o(.text)
    TIM_SelectOutputTrigger                  0x08002aa3   Thumb Code    18  stm32f10x_tim.o(.text)
    TIM_SelectSlaveMode                      0x08002ab5   Thumb Code    18  stm32f10x_tim.o(.text)
    TIM_SelectMasterSlaveMode                0x08002ac7   Thumb Code    18  stm32f10x_tim.o(.text)
    TIM_SetCounter                           0x08002ad9   Thumb Code     4  stm32f10x_tim.o(.text)
    TIM_SetAutoreload                        0x08002add   Thumb Code     4  stm32f10x_tim.o(.text)
    TIM_SetCompare1                          0x08002ae1   Thumb Code     4  stm32f10x_tim.o(.text)
    TIM_SetCompare2                          0x08002ae5   Thumb Code     4  stm32f10x_tim.o(.text)
    TIM_SetCompare3                          0x08002ae9   Thumb Code     4  stm32f10x_tim.o(.text)
    TIM_SetCompare4                          0x08002aed   Thumb Code     6  stm32f10x_tim.o(.text)
    TIM_SetClockDivision                     0x08002af3   Thumb Code    18  stm32f10x_tim.o(.text)
    TIM_GetCapture1                          0x08002b05   Thumb Code     6  stm32f10x_tim.o(.text)
    TIM_GetCapture2                          0x08002b0b   Thumb Code     6  stm32f10x_tim.o(.text)
    TIM_GetCapture3                          0x08002b11   Thumb Code     6  stm32f10x_tim.o(.text)
    TIM_GetCapture4                          0x08002b17   Thumb Code     8  stm32f10x_tim.o(.text)
    TIM_GetCounter                           0x08002b1f   Thumb Code     6  stm32f10x_tim.o(.text)
    TIM_GetPrescaler                         0x08002b25   Thumb Code     6  stm32f10x_tim.o(.text)
    TIM_GetFlagStatus                        0x08002b2b   Thumb Code    18  stm32f10x_tim.o(.text)
    TIM_ClearFlag                            0x08002b3d   Thumb Code     6  stm32f10x_tim.o(.text)
    TIM_GetITStatus                          0x08002b43   Thumb Code    34  stm32f10x_tim.o(.text)
    TIM_ClearITPendingBit                    0x08002b65   Thumb Code     6  stm32f10x_tim.o(.text)
    USART_DeInit                             0x08002b6d   Thumb Code   134  stm32f10x_usart.o(.text)
    USART_Init                               0x08002bf3   Thumb Code   210  stm32f10x_usart.o(.text)
    USART_StructInit                         0x08002cc5   Thumb Code    24  stm32f10x_usart.o(.text)
    USART_ClockInit                          0x08002cdd   Thumb Code    34  stm32f10x_usart.o(.text)
    USART_ClockStructInit                    0x08002cff   Thumb Code    12  stm32f10x_usart.o(.text)
    USART_Cmd                                0x08002d0b   Thumb Code    24  stm32f10x_usart.o(.text)
    USART_ITConfig                           0x08002d23   Thumb Code    74  stm32f10x_usart.o(.text)
    USART_DMACmd                             0x08002d6d   Thumb Code    18  stm32f10x_usart.o(.text)
    USART_SetAddress                         0x08002d7f   Thumb Code    18  stm32f10x_usart.o(.text)
    USART_WakeUpConfig                       0x08002d91   Thumb Code    18  stm32f10x_usart.o(.text)
    USART_ReceiverWakeUpCmd                  0x08002da3   Thumb Code    24  stm32f10x_usart.o(.text)
    USART_LINBreakDetectLengthConfig         0x08002dbb   Thumb Code    18  stm32f10x_usart.o(.text)
    USART_LINCmd                             0x08002dcd   Thumb Code    24  stm32f10x_usart.o(.text)
    USART_SendData                           0x08002de5   Thumb Code     8  stm32f10x_usart.o(.text)
    USART_ReceiveData                        0x08002ded   Thumb Code    10  stm32f10x_usart.o(.text)
    USART_SendBreak                          0x08002df7   Thumb Code    10  stm32f10x_usart.o(.text)
    USART_SetGuardTime                       0x08002e01   Thumb Code    16  stm32f10x_usart.o(.text)
    USART_SetPrescaler                       0x08002e11   Thumb Code    16  stm32f10x_usart.o(.text)
    USART_SmartCardCmd                       0x08002e21   Thumb Code    24  stm32f10x_usart.o(.text)
    USART_SmartCardNACKCmd                   0x08002e39   Thumb Code    24  stm32f10x_usart.o(.text)
    USART_HalfDuplexCmd                      0x08002e51   Thumb Code    24  stm32f10x_usart.o(.text)
    USART_OverSampling8Cmd                   0x08002e69   Thumb Code    22  stm32f10x_usart.o(.text)
    USART_OneBitMethodCmd                    0x08002e7f   Thumb Code    24  stm32f10x_usart.o(.text)
    USART_IrDAConfig                         0x08002e97   Thumb Code    18  stm32f10x_usart.o(.text)
    USART_IrDACmd                            0x08002ea9   Thumb Code    24  stm32f10x_usart.o(.text)
    USART_GetFlagStatus                      0x08002ec1   Thumb Code    26  stm32f10x_usart.o(.text)
    USART_ClearFlag                          0x08002edb   Thumb Code    18  stm32f10x_usart.o(.text)
    USART_GetITStatus                        0x08002eed   Thumb Code    84  stm32f10x_usart.o(.text)
    USART_ClearITPendingBit                  0x08002f41   Thumb Code    52  stm32f10x_usart.o(.text)
    delay_init                               0x08002f75   Thumb Code    50  delay.o(.text)
    delay_us                                 0x08002fa7   Thumb Code    72  delay.o(.text)
    delay_ms                                 0x08002fef   Thumb Code    72  delay.o(.text)
    _sys_exit                                0x08003049   Thumb Code     6  usart.o(.text)
    fputc                                    0x0800304f   Thumb Code    24  usart.o(.text)
    uart_init                                0x08003067   Thumb Code   152  usart.o(.text)
    USART1_IRQHandler                        0x080030ff   Thumb Code   122  usart.o(.text)
    get_xinlv                                0x08003189   Thumb Code   962  xinlvxueya.o(.text)
    LCD_WR_REG                               0x08003635   Thumb Code    28  lcd.o(.text)
    LCD_WR_DATAX                             0x08003651   Thumb Code    28  lcd.o(.text)
    LCD_RD_DATA                              0x0800366d   Thumb Code    98  lcd.o(.text)
    LCD_WriteReg                             0x080036cf   Thumb Code    40  lcd.o(.text)
    LCD_ReadReg                              0x080036f7   Thumb Code    16  lcd.o(.text)
    LCD_WriteRAM_Prepare                     0x08003707   Thumb Code    12  lcd.o(.text)
    LCD_WriteRAM                             0x08003713   Thumb Code    28  lcd.o(.text)
    LCD_BGR2RGB                              0x0800372f   Thumb Code    26  lcd.o(.text)
    opt_delay                                0x08003749   Thumb Code    14  lcd.o(.text)
    LCD_SetCursor                            0x08003757   Thumb Code   956  lcd.o(.text)
    LCD_ReadPoint                            0x08003b13   Thumb Code   506  lcd.o(.text)
    LCD_DisplayOn                            0x08003d0d   Thumb Code    92  lcd.o(.text)
    LCD_DisplayOff                           0x08003d69   Thumb Code    90  lcd.o(.text)
    LCD_Scan_Dir                             0x08003dc3   Thumb Code  1126  lcd.o(.text)
    LCD_DrawPoint                            0x08004229   Thumb Code    52  lcd.o(.text)
    LCD_Fast_DrawPoint                       0x0800425d   Thumb Code   854  lcd.o(.text)
    LCD_SSD_BackLightSet                     0x080045b3   Thumb Code   220  lcd.o(.text)
    LCD_Display_Dir                          0x0800468f   Thumb Code   444  lcd.o(.text)
    LCD_Set_Window                           0x0800484b   Thumb Code  1078  lcd.o(.text)
    LCD_Clear                                0x08004c81   Thumb Code   122  lcd.o(.text)
    LCD_Init                                 0x08004cfb   Thumb Code 15298  lcd.o(.text)
    LCD_Fill                                 0x080088bd   Thumb Code   200  lcd.o(.text)
    LCD_Color_Fill                           0x08008985   Thumb Code   116  lcd.o(.text)
    LCD_DrawLine                             0x080089f9   Thumb Code   176  lcd.o(.text)
    LCD_DrawRectangle                        0x08008aa9   Thumb Code    60  lcd.o(.text)
    LCD_Draw_Circle                          0x08008ae5   Thumb Code   152  lcd.o(.text)
    LCD_ShowChar                             0x08008b7d   Thumb Code   272  lcd.o(.text)
    LCD_Pow                                  0x08008c8d   Thumb Code    22  lcd.o(.text)
    LCD_ShowNum                              0x08008ca3   Thumb Code   180  lcd.o(.text)
    LCD_ShowxNum                             0x08008d57   Thumb Code   190  lcd.o(.text)
    LCD_ShowString                           0x08008e15   Thumb Code   102  lcd.o(.text)
    TIM5_Set                                 0x08008e7d   Thumb Code    34  uart5.o(.text)
    UART5_IRQHandler                         0x08008e9f   Thumb Code    94  uart5.o(.text)
    TIM3_Init                                0x08008efd   Thumb Code    86  uart5.o(.text)
    TIM5_Init                                0x08008f53   Thumb Code    82  uart5.o(.text)
    uart5_init                               0x08008fa5   Thumb Code   200  uart5.o(.text)
    u5_printf                                0x0800906d   Thumb Code    72  uart5.o(.text)
    TIM5_IRQHandler                          0x080090b5   Thumb Code    40  uart5.o(.text)
    TIM3_IRQHandler                          0x080090dd   Thumb Code    28  uart5.o(.text)
    KEY_Init                                 0x08009121   Thumb Code    82  key.o(.text)
    KEY_Scan                                 0x08009173   Thumb Code   154  key.o(.text)
    STMFLASH_ReadHalfWord                    0x0800921d   Thumb Code     6  stmflash.o(.text)
    STMFLASH_Write_NoCheck                   0x08009223   Thumb Code    38  stmflash.o(.text)
    STMFLASH_Read                            0x08009249   Thumb Code    34  stmflash.o(.text)
    STMFLASH_Write                           0x0800926b   Thumb Code   206  stmflash.o(.text)
    Test_Write                               0x08009339   Thumb Code    16  stmflash.o(.text)
    TIM4_Set                                 0x08009351   Thumb Code    34  wifi.o(.text)
    TIM4_Init                                0x08009373   Thumb Code    82  wifi.o(.text)
    usart2_init                              0x080093c5   Thumb Code   192  wifi.o(.text)
    USART2_IRQHandler                        0x08009485   Thumb Code    92  wifi.o(.text)
    TIM4_IRQHandler                          0x080094e1   Thumb Code    40  wifi.o(.text)
    UART2_SendString                         0x08009509   Thumb Code    38  wifi.o(.text)
    Send_DATA                                0x0800952f   Thumb Code    64  wifi.o(.text)
    send_at_cmd_noack                        0x080095a1   Thumb Code    60  wifi.o(.text)
    revs                                     0x080095dd   Thumb Code    16  wifi.o(.text)
    revl                                     0x080095ed   Thumb Code    28  wifi.o(.text)
    crc16_check                              0x08009609   Thumb Code    58  wifi.o(.text)
    wifi_find                                0x08009643   Thumb Code   718  wifi.o(.text)
    draw_wifi_frame                          0x08009911   Thumb Code   242  wifi.o(.text)
    wifi_show                                0x08009a03   Thumb Code   258  wifi.o(.text)
    get_touch_msg                            0x08009b05   Thumb Code  2230  wifi.o(.text)
    wifi_LCD_Display                         0x0800a3bb   Thumb Code   152  wifi.o(.text)
    Data_packaging                           0x0800a453   Thumb Code   176  wifi.o(.text)
    wifi_connect                             0x0800a503   Thumb Code   968  wifi.o(.text)
    wifi_send                                0x0800a8cb   Thumb Code   224  wifi.o(.text)
    esp8266_ssid_sava                        0x0800a9ab   Thumb Code   182  wifi.o(.text)
    esp8266_pwd_sava                         0x0800aa61   Thumb Code   172  wifi.o(.text)
    esp8266_ipnb_sava                        0x0800ab0d   Thumb Code   586  wifi.o(.text)
    esp8266_port_sava                        0x0800ad57   Thumb Code   184  wifi.o(.text)
    GETnewWIFI                               0x0800ae0f   Thumb Code   584  wifi.o(.text)
    wifi_change                              0x0800b057   Thumb Code  1034  wifi.o(.text)
    mode_set                                 0x0800b461   Thumb Code   178  wifi.o(.text)
    LED_Init                                 0x0800b551   Thumb Code    50  led.o(.text)
    image_getcolor                           0x0800b589   Thumb Code    30  image2lcd.o(.text)
    image_show                               0x0800b5a7   Thumb Code   158  image2lcd.o(.text)
    image_display                            0x0800b645   Thumb Code    42  image2lcd.o(.text)
    Adc_Init                                 0x0800b67d   Thumb Code   132  adc.o(.text)
    Get_Adc                                  0x0800b701   Thumb Code    46  adc.o(.text)
    Get_random_num                           0x0800b72f   Thumb Code    50  adc.o(.text)
    mymemcpy                                 0x0800b771   Thumb Code    26  malloc.o(.text)
    mymemset                                 0x0800b78b   Thumb Code    20  malloc.o(.text)
    mem_init                                 0x0800b79f   Thumb Code    38  malloc.o(.text)
    mem_perused                              0x0800b7c5   Thumb Code    42  malloc.o(.text)
    mem_malloc                               0x0800b7ef   Thumb Code   116  malloc.o(.text)
    mem_free                                 0x0800b863   Thumb Code    66  malloc.o(.text)
    myfree                                   0x0800b8a5   Thumb Code    24  malloc.o(.text)
    mymalloc                                 0x0800b8bd   Thumb Code    28  malloc.o(.text)
    myrealloc                                0x0800b8d9   Thumb Code    50  malloc.o(.text)
    exfuns_init                              0x0800b911   Thumb Code   100  exfuns.o(.text)
    char_upper                               0x0800b975   Thumb Code    26  exfuns.o(.text)
    f_typetell                               0x0800b98f   Thumb Code   188  exfuns.o(.text)
    exf_getfree                              0x0800ba4b   Thumb Code    74  exfuns.o(.text)
    clust2sect                               0x0800bc57   Thumb Code    26  ff.o(.text)
    get_fat                                  0x0800bc71   Thumb Code   232  ff.o(.text)
    put_fat                                  0x0800bd59   Thumb Code   310  ff.o(.text)
    f_mount                                  0x0800d06b   Thumb Code    86  ff.o(.text)
    f_open                                   0x0800d0c1   Thumb Code   384  ff.o(.text)
    f_read                                   0x0800d241   Thumb Code   450  ff.o(.text)
    f_write                                  0x0800d403   Thumb Code   498  ff.o(.text)
    f_sync                                   0x0800d5f5   Thumb Code   176  ff.o(.text)
    f_close                                  0x0800d6a5   Thumb Code    32  ff.o(.text)
    f_lseek                                  0x0800d6c5   Thumb Code   654  ff.o(.text)
    f_opendir                                0x0800d953   Thumb Code   136  ff.o(.text)
    f_closedir                               0x0800d9db   Thumb Code    22  ff.o(.text)
    f_readdir                                0x0800d9f1   Thumb Code   114  ff.o(.text)
    f_stat                                   0x0800da63   Thumb Code    84  ff.o(.text)
    f_getfree                                0x0800dab7   Thumb Code   258  ff.o(.text)
    f_truncate                               0x0800dbb9   Thumb Code   184  ff.o(.text)
    f_unlink                                 0x0800dc71   Thumb Code   194  ff.o(.text)
    f_mkdir                                  0x0800dd33   Thumb Code   380  ff.o(.text)
    f_chmod                                  0x0800deaf   Thumb Code   112  ff.o(.text)
    f_utime                                  0x0800df1f   Thumb Code   110  ff.o(.text)
    f_rename                                 0x0800df8d   Thumb Code   314  ff.o(.text)
    f_getlabel                               0x0800e0c7   Thumb Code   190  ff.o(.text)
    f_setlabel                               0x0800e185   Thumb Code   470  ff.o(.text)
    f_mkfs                                   0x0800e35b   Thumb Code  1570  ff.o(.text)
    f_gets                                   0x0800e97d   Thumb Code    82  ff.o(.text)
    f_putc                                   0x0800ea13   Thumb Code    64  ff.o(.text)
    f_puts                                   0x0800ea53   Thumb Code    74  ff.o(.text)
    f_printf                                 0x0800ea9d   Thumb Code   674  ff.o(.text)
    AT24CXX_Init                             0x0800ed3f   Thumb Code     8  24cxx.o(.text)
    AT24CXX_ReadOneByte                      0x0800ed47   Thumb Code    88  24cxx.o(.text)
    AT24CXX_WriteOneByte                     0x0800ed9f   Thumb Code    80  24cxx.o(.text)
    AT24CXX_WriteLenByte                     0x0800edef   Thumb Code    42  24cxx.o(.text)
    AT24CXX_ReadLenByte                      0x0800ee19   Thumb Code    44  24cxx.o(.text)
    AT24CXX_Check                            0x0800ee45   Thumb Code    46  24cxx.o(.text)
    AT24CXX_Read                             0x0800ee73   Thumb Code    34  24cxx.o(.text)
    AT24CXX_Write                            0x0800ee95   Thumb Code    36  24cxx.o(.text)
    IIC_Init                                 0x0800eeb9   Thumb Code    52  myiic.o(.text)
    IIC_Start                                0x0800eeed   Thumb Code    68  myiic.o(.text)
    IIC_Stop                                 0x0800ef31   Thumb Code    62  myiic.o(.text)
    IIC_Wait_Ack                             0x0800ef6f   Thumb Code    86  myiic.o(.text)
    IIC_Ack                                  0x0800efc5   Thumb Code    66  myiic.o(.text)
    IIC_NAck                                 0x0800f007   Thumb Code    66  myiic.o(.text)
    IIC_Send_Byte                            0x0800f049   Thumb Code    90  myiic.o(.text)
    IIC_Read_Byte                            0x0800f0a3   Thumb Code    98  myiic.o(.text)
    TP_Write_Byte                            0x0800f111   Thumb Code    56  touch.o(.text)
    TP_Read_AD                               0x0800f149   Thumb Code   132  touch.o(.text)
    TP_Read_XOY                              0x0800f1cd   Thumb Code   120  touch.o(.text)
    TP_Read_XY                               0x0800f245   Thumb Code    38  touch.o(.text)
    TP_Read_XY2                              0x0800f26b   Thumb Code   192  touch.o(.text)
    TP_Drow_Touch_Point                      0x0800f32b   Thumb Code   108  touch.o(.text)
    TP_Draw_Big_Point                        0x0800f397   Thumb Code    54  touch.o(.text)
    TP_Scan                                  0x0800f3cd   Thumb Code   264  touch.o(.text)
    TP_Save_Adjdata                          0x0800f4d5   Thumb Code   146  touch.o(.text)
    TP_Get_Adjdata                           0x0800f567   Thumb Code   152  touch.o(.text)
    TP_Adj_Info_Show                         0x0800f5ff   Thumb Code   376  touch.o(.text)
    TP_Adjust                                0x0800f777   Thumb Code  1250  touch.o(.text)
    TP_Init                                  0x0800fc59   Thumb Code   348  touch.o(.text)
    disk_initialize                          0x0800fdb5   Thumb Code    88  diskio.o(.text)
    disk_status                              0x0800fe0d   Thumb Code     6  diskio.o(.text)
    disk_read                                0x0800fe13   Thumb Code   118  diskio.o(.text)
    disk_write                               0x0800fe89   Thumb Code    98  diskio.o(.text)
    disk_ioctl                               0x0800feeb   Thumb Code   154  diskio.o(.text)
    get_fattime                              0x0800ff85   Thumb Code     4  diskio.o(.text)
    ff_memalloc                              0x0800ff89   Thumb Code    12  diskio.o(.text)
    ff_memfree                               0x0800ff95   Thumb Code    12  diskio.o(.text)
    SD_SPI_ReadWriteByte                     0x0800ffad   Thumb Code    12  mmc_sd.o(.text)
    SD_SPI_SpeedLow                          0x0800ffb9   Thumb Code    10  mmc_sd.o(.text)
    SD_SPI_SpeedHigh                         0x0800ffc3   Thumb Code    10  mmc_sd.o(.text)
    SD_SPI_Init                              0x0800ffcd   Thumb Code    56  mmc_sd.o(.text)
    SD_DisSelect                             0x08010005   Thumb Code    16  mmc_sd.o(.text)
    SD_WaitReady                             0x08010015   Thumb Code    34  mmc_sd.o(.text)
    SD_Select                                0x08010037   Thumb Code    26  mmc_sd.o(.text)
    SD_GetResponse                           0x08010051   Thumb Code    38  mmc_sd.o(.text)
    SD_RecvData                              0x08010077   Thumb Code    56  mmc_sd.o(.text)
    SD_SendBlock                             0x080100af   Thumb Code    82  mmc_sd.o(.text)
    SD_SendCmd                               0x08010101   Thumb Code   120  mmc_sd.o(.text)
    SD_GetCID                                0x08010179   Thumb Code    42  mmc_sd.o(.text)
    SD_GetCSD                                0x080101a3   Thumb Code    42  mmc_sd.o(.text)
    SD_GetSectorCount                        0x080101cd   Thumb Code   118  mmc_sd.o(.text)
    SD_Initialize                            0x08010243   Thumb Code   398  mmc_sd.o(.text)
    SD_ReadDisk                              0x080103d1   Thumb Code   112  mmc_sd.o(.text)
    SD_WriteDisk                             0x08010441   Thumb Code   140  mmc_sd.o(.text)
    SPI_USART_IO_SET                         0x080104d1   Thumb Code    82  flash.o(.text)
    SPI_Flash_ReadID                         0x08010523   Thumb Code    64  flash.o(.text)
    SPI_Flash_Init                           0x08010563   Thumb Code    64  flash.o(.text)
    SPI_Flash_ReadSR                         0x080105a3   Thumb Code    36  flash.o(.text)
    SPI_FLASH_Write_SR                       0x080105c7   Thumb Code    32  flash.o(.text)
    SPI_FLASH_Write_Enable                   0x080105e7   Thumb Code    24  flash.o(.text)
    SPI_FLASH_Write_Disable                  0x080105ff   Thumb Code    24  flash.o(.text)
    SPI_Flash_Read                           0x08010617   Thumb Code    84  flash.o(.text)
    SPI_Flash_Wait_Busy                      0x0801066b   Thumb Code    18  flash.o(.text)
    SPI_Flash_Write_Page                     0x0801067d   Thumb Code    80  flash.o(.text)
    SPI_Flash_Write_NoCheck                  0x080106cd   Thumb Code    70  flash.o(.text)
    SPI_Flash_Erase_Sector                   0x08010713   Thumb Code    62  flash.o(.text)
    SPI_Flash_Write                          0x08010751   Thumb Code   208  flash.o(.text)
    SPI_Flash_Erase_Chip                     0x08010821   Thumb Code    36  flash.o(.text)
    SPI_Flash_PowerDown                      0x08010845   Thumb Code    30  flash.o(.text)
    SPI_Flash_WAKEUP                         0x08010863   Thumb Code    30  flash.o(.text)
    SPI1_ReadWriteByte                       0x08010891   Thumb Code    78  spi.o(.text)
    SPI1_Init                                0x080108df   Thumb Code   108  spi.o(.text)
    SPI1_SetSpeed                            0x0801094b   Thumb Code    34  spi.o(.text)
    ff_convert                               0x08010979   Thumb Code   146  mycc936.o(.text)
    ff_wtoupper                              0x08010a0b   Thumb Code    46  mycc936.o(.text)
    fupd_prog                                0x08010a45   Thumb Code   134  fontupd.o(.text)
    updata_fontx                             0x08010acb   Thumb Code   340  fontupd.o(.text)
    update_font                              0x08010c1f   Thumb Code   330  fontupd.o(.text)
    font_init                                0x08010d69   Thumb Code    34  fontupd.o(.text)
    Get_HzMat                                0x08010e09   Thumb Code   220  text.o(.text)
    Show_Font                                0x08010ee5   Thumb Code   190  text.o(.text)
    Show_Str                                 0x08010fa3   Thumb Code   192  text.o(.text)
    Show_Str_Mid                             0x08011063   Thumb Code   106  text.o(.text)
    usmart_sys_cmd_exe                       0x080110dd   Thumb Code  1554  usmart.o(.text)
    usmart_reset_runtime                     0x080116ef   Thumb Code    34  usmart.o(.text)
    usmart_get_runtime                       0x08011711   Thumb Code    58  usmart.o(.text)
    TIM2_IRQHandler                          0x0801174b   Thumb Code    52  usmart.o(.text)
    Timer2_Init                              0x0801177f   Thumb Code    90  usmart.o(.text)
    usmart_init                              0x080117d9   Thumb Code    36  usmart.o(.text)
    usmart_cmd_rec                           0x080117fd   Thumb Code   170  usmart.o(.text)
    usmart_exe                               0x080118a7   Thumb Code   868  usmart.o(.text)
    usmart_scan                              0x08011c0b   Thumb Code   120  usmart.o(.text)
    read_addr                                0x08011c83   Thumb Code     6  usmart.o(.text)
    write_addr                               0x08011c89   Thumb Code     4  usmart.o(.text)
    usmart_strcmp                            0x08011d15   Thumb Code    34  usmart_str.o(.text)
    usmart_strcopy                           0x08011d37   Thumb Code    22  usmart_str.o(.text)
    usmart_strlen                            0x08011d4d   Thumb Code    24  usmart_str.o(.text)
    usmart_pow                               0x08011d65   Thumb Code    22  usmart_str.o(.text)
    usmart_str2num                           0x08011d7b   Thumb Code   202  usmart_str.o(.text)
    usmart_get_cmdname                       0x08011e45   Thumb Code    54  usmart_str.o(.text)
    usmart_search_nextc                      0x08011e7b   Thumb Code    22  usmart_str.o(.text)
    usmart_get_fname                         0x08011e91   Thumb Code   440  usmart_str.o(.text)
    usmart_get_aparm                         0x08012049   Thumb Code   200  usmart_str.o(.text)
    usmart_get_parmpos                       0x08012111   Thumb Code    26  usmart_str.o(.text)
    usmart_get_fparam                        0x0801212b   Thumb Code   262  usmart_str.o(.text)
    atk_8266_at_response                     0x0801223d   Thumb Code    46  common.o(.text)
    atk_8266_check_cmd                       0x0801226b   Thumb Code    44  common.o(.text)
    atk_8266_send_cmd                        0x08012297   Thumb Code    92  common.o(.text)
    atk_8266_send_data                       0x080122f3   Thumb Code    76  common.o(.text)
    atk_8266_load_keyboard                   0x0801233f   Thumb Code   280  common.o(.text)
    atk_8266_key_staset                      0x08012457   Thumb Code   292  common.o(.text)
    atk_8266_get_keynum                      0x0801257b   Thumb Code   290  common.o(.text)
    CT_Delay                                 0x080126a1   Thumb Code    10  ctiic.o(.text)
    CT_IIC_Init                              0x080126ab   Thumb Code    62  ctiic.o(.text)
    CT_IIC_Start                             0x080126e9   Thumb Code    60  ctiic.o(.text)
    CT_IIC_Stop                              0x08012725   Thumb Code    64  ctiic.o(.text)
    CT_IIC_Wait_Ack                          0x08012765   Thumb Code    86  ctiic.o(.text)
    CT_IIC_Ack                               0x080127bb   Thumb Code    66  ctiic.o(.text)
    CT_IIC_NAck                              0x080127fd   Thumb Code    66  ctiic.o(.text)
    CT_IIC_Send_Byte                         0x0801283f   Thumb Code    82  ctiic.o(.text)
    CT_IIC_Read_Byte                         0x08012891   Thumb Code    94  ctiic.o(.text)
    FT5206_WR_Reg                            0x08012901   Thumb Code    82  ft5206.o(.text)
    FT5206_RD_Reg                            0x08012953   Thumb Code    88  ft5206.o(.text)
    FT5206_Init                              0x080129ab   Thumb Code   214  ft5206.o(.text)
    FT5206_Scan                              0x08012a81   Thumb Code   400  ft5206.o(.text)
    GT9147_WR_Reg                            0x08012c35   Thumb Code    92  gt9147.o(.text)
    GT9147_Send_Cfg                          0x08012c91   Thumb Code    86  gt9147.o(.text)
    GT9147_RD_Reg                            0x08012ce7   Thumb Code    98  gt9147.o(.text)
    GT9147_Init                              0x08012d49   Thumb Code   242  gt9147.o(.text)
    GT9147_Scan                              0x08012e3b   Thumb Code   408  gt9147.o(.text)
    OTT2001A_WR_Reg                          0x08013019   Thumb Code    92  ott2001a.o(.text)
    OTT2001A_RD_Reg                          0x08013075   Thumb Code    98  ott2001a.o(.text)
    OTT2001A_SensorControl                   0x080130d7   Thumb Code    28  ott2001a.o(.text)
    OTT2001A_Init                            0x080130f3   Thumb Code   156  ott2001a.o(.text)
    OTT2001A_Scan                            0x0801318f   Thumb Code   446  ott2001a.o(.text)
    rand                                     0x08013385   Thumb Code    20  rand.o(.text)
    srand                                    0x08013399   Thumb Code     6  rand.o(.text)
    __aeabi_memcpy                           0x080133a9   Thumb Code    36  memcpya.o(.text)
    __aeabi_memcpy4                          0x080133a9   Thumb Code     0  memcpya.o(.text)
    __aeabi_memcpy8                          0x080133a9   Thumb Code     0  memcpya.o(.text)
    __aeabi_memset                           0x080133cd   Thumb Code    14  memseta.o(.text)
    __aeabi_memset4                          0x080133cd   Thumb Code     0  memseta.o(.text)
    __aeabi_memset8                          0x080133cd   Thumb Code     0  memseta.o(.text)
    __aeabi_memclr                           0x080133db   Thumb Code     4  memseta.o(.text)
    __aeabi_memclr4                          0x080133db   Thumb Code     0  memseta.o(.text)
    __aeabi_memclr8                          0x080133db   Thumb Code     0  memseta.o(.text)
    _memset$wrapper                          0x080133df   Thumb Code    18  memseta.o(.text)
    strstr                                   0x080133f1   Thumb Code    36  strstr.o(.text)
    strlen                                   0x08013415   Thumb Code    14  strlen.o(.text)
    strcmp                                   0x08013423   Thumb Code    28  strcmp.o(.text)
    strcpy                                   0x0801343f   Thumb Code    18  strcpy.o(.text)
    __aeabi_fadd                             0x08013451   Thumb Code   164  fadd.o(.text)
    __aeabi_fsub                             0x080134f5   Thumb Code     6  fadd.o(.text)
    __aeabi_frsub                            0x080134fb   Thumb Code     6  fadd.o(.text)
    __aeabi_fmul                             0x08013501   Thumb Code   100  fmul.o(.text)
    __aeabi_fdiv                             0x08013565   Thumb Code   124  fdiv.o(.text)
    __aeabi_dadd                             0x080135e1   Thumb Code   322  dadd.o(.text)
    __aeabi_dsub                             0x08013723   Thumb Code     6  dadd.o(.text)
    __aeabi_drsub                            0x08013729   Thumb Code     6  dadd.o(.text)
    __aeabi_dmul                             0x0801372f   Thumb Code   228  dmul.o(.text)
    __aeabi_ddiv                             0x08013813   Thumb Code   222  ddiv.o(.text)
    __aeabi_i2f                              0x080138f1   Thumb Code    18  fflti.o(.text)
    __aeabi_ui2f                             0x08013903   Thumb Code    10  ffltui.o(.text)
    __aeabi_i2d                              0x0801390d   Thumb Code    34  dflti.o(.text)
    __aeabi_ui2d                             0x0801392f   Thumb Code    26  dfltui.o(.text)
    __aeabi_f2iz                             0x08013949   Thumb Code    50  ffixi.o(.text)
    __aeabi_f2uiz                            0x0801397b   Thumb Code    40  ffixui.o(.text)
    __aeabi_d2iz                             0x080139a3   Thumb Code    62  dfixi.o(.text)
    __aeabi_d2uiz                            0x080139e1   Thumb Code    50  dfixui.o(.text)
    __aeabi_f2d                              0x08013a13   Thumb Code    38  f2d.o(.text)
    __aeabi_cdcmpeq                          0x08013a39   Thumb Code     0  cdcmple.o(.text)
    __aeabi_cdcmple                          0x08013a39   Thumb Code    48  cdcmple.o(.text)
    __aeabi_cdrcmple                         0x08013a69   Thumb Code    48  cdrcmple.o(.text)
    __aeabi_cfcmpeq                          0x08013a99   Thumb Code     0  cfcmple.o(.text)
    __aeabi_cfcmple                          0x08013a99   Thumb Code    20  cfcmple.o(.text)
    __aeabi_uidiv                            0x08013aad   Thumb Code     0  uidiv.o(.text)
    __aeabi_uidivmod                         0x08013aad   Thumb Code    44  uidiv.o(.text)
    __aeabi_uldivmod                         0x08013ad9   Thumb Code    98  uldiv.o(.text)
    __aeabi_llsl                             0x08013b3b   Thumb Code    30  llshl.o(.text)
    _ll_shift_l                              0x08013b3b   Thumb Code     0  llshl.o(.text)
    __aeabi_llsr                             0x08013b59   Thumb Code    32  llushr.o(.text)
    _ll_ushift_r                             0x08013b59   Thumb Code     0  llushr.o(.text)
    __aeabi_lasr                             0x08013b79   Thumb Code    36  llsshr.o(.text)
    _ll_sshift_r                             0x08013b79   Thumb Code     0  llsshr.o(.text)
    __I$use$fp                               0x08013b9d   Thumb Code     0  iusefp.o(.text)
    _float_round                             0x08013b9d   Thumb Code    18  fepilogue.o(.text)
    _float_epilogue                          0x08013baf   Thumb Code    92  fepilogue.o(.text)
    _double_round                            0x08013c0b   Thumb Code    30  depilogue.o(.text)
    _double_epilogue                         0x08013c29   Thumb Code   156  depilogue.o(.text)
    _dsqrt                                   0x08013cc5   Thumb Code   162  dsqrt.o(.text)
    __aeabi_d2ulz                            0x08013d67   Thumb Code    48  dfixul.o(.text)
    __scatterload                            0x08013d99   Thumb Code    28  init.o(.text)
    __scatterload_rt2                        0x08013d99   Thumb Code     0  init.o(.text)
    __decompress                             0x08013dbd   Thumb Code     0  __dczerorl2.o(.text)
    __decompress1                            0x08013dbd   Thumb Code    86  __dczerorl2.o(.text)
    __0printf$8                              0x08013e15   Thumb Code    22  printf8.o(i.__0printf$8)
    __1printf$8                              0x08013e15   Thumb Code     0  printf8.o(i.__0printf$8)
    __2printf                                0x08013e15   Thumb Code     0  printf8.o(i.__0printf$8)
    __0sprintf$8                             0x08013e35   Thumb Code    34  printf8.o(i.__0sprintf$8)
    __1sprintf$8                             0x08013e35   Thumb Code     0  printf8.o(i.__0sprintf$8)
    __2sprintf                               0x08013e35   Thumb Code     0  printf8.o(i.__0sprintf$8)
    __0vsprintf                              0x08013e5d   Thumb Code    30  printfa.o(i.__0vsprintf)
    __1vsprintf                              0x08013e5d   Thumb Code     0  printfa.o(i.__0vsprintf)
    __2vsprintf                              0x08013e5d   Thumb Code     0  printfa.o(i.__0vsprintf)
    __c89vsprintf                            0x08013e5d   Thumb Code     0  printfa.o(i.__0vsprintf)
    vsprintf                                 0x08013e5d   Thumb Code     0  printfa.o(i.__0vsprintf)
    __scatterload_copy                       0x08013e81   Thumb Code    14  handlers.o(i.__scatterload_copy)
    __scatterload_null                       0x08013e8f   Thumb Code     2  handlers.o(i.__scatterload_null)
    __scatterload_zeroinit                   0x08013e91   Thumb Code    14  handlers.o(i.__scatterload_zeroinit)
    __set_errno                              0x08013ea1   Thumb Code     6  errno.o(i.__set_errno)
    sqrt                                     0x08014bb5   Thumb Code    76  sqrt.o(i.sqrt)
    asc2_1206                                0x08014c00   Data        1140  lcd.o(.constdata)
    asc2_1608                                0x08015074   Data        1520  lcd.o(.constdata)
    asc2_2412                                0x08015664   Data        3420  lcd.o(.constdata)
    gImage_image1                            0x080163c0   Data       38408  image1.o(.constdata)
    TP_ADJDIS_TBL                            0x0801fa02   Data          12  touch.o(.constdata)
    FT5206_TPX_TBL                           0x0801fdce   Data          10  ft5206.o(.constdata)
    GT9147_CFG_TBL                           0x0801fdd8   Data         184  gt9147.o(.constdata)
    GT9147_TPX_TBL                           0x0801fe90   Data          10  gt9147.o(.constdata)
    OTT_TPX_TBL                              0x0801fe9a   Data          10  ott2001a.o(.constdata)
    Region$$Table$$Base                      0x0802008c   Number         0  anon$$obj.o(Region$$Table)
    Region$$Table$$Limit                     0x080200ac   Number         0  anon$$obj.o(Region$$Table)
    SystemCoreClock                          0x20000000   Data           4  system_stm32f10x.o(.data)
    AHBPrescTable                            0x20000004   Data          16  system_stm32f10x.o(.data)
    __stdout                                 0x2000002c   Data           4  usart.o(.data)
    USART_RX_STA                             0x20000030   Data           2  usart.o(.data)
    average1                                 0x20000034   Data           4  xinlvxueya.o(.data)
    average2                                 0x20000038   Data           4  xinlvxueya.o(.data)
    average3                                 0x2000003c   Data           4  xinlvxueya.o(.data)
    high_pressure                            0x20000040   Data           4  xinlvxueya.o(.data)
    low_pressure                             0x20000044   Data           4  xinlvxueya.o(.data)
    heart_rate                               0x20000048   Data           4  xinlvxueya.o(.data)
    ct                                       0x2000004c   Data           1  xinlvxueya.o(.data)
    number                                   0x20000050   Data           4  xinlvxueya.o(.data)
    FD                                       0x20000054   Data          24  xinlvxueya.o(.data)
    POINT_COLOR                              0x2000006c   Data           2  lcd.o(.data)
    BACK_COLOR                               0x2000006e   Data           2  lcd.o(.data)
    UART5_RX_STA                             0x20000070   Data           2  uart5.o(.data)
    Get_data                                 0x20000072   Data           2  uart5.o(.data)
    ssid_sended_flag                         0x20000078   Data           2  wifi.o(.data)
    pswd_sended_flag                         0x2000007a   Data           2  wifi.o(.data)
    ipnb_sended_flag                         0x2000007c   Data           2  wifi.o(.data)
    port_sended_flag                         0x2000007e   Data           2  wifi.o(.data)
    esp8266_connect_flag                     0x20000080   Data           2  wifi.o(.data)
    USART2_RX_OVER                           0x20000082   Data           2  wifi.o(.data)
    wifi_state                               0x20000084   Data           2  wifi.o(.data)
    wifi_ok                                  0x20000088   Data           4  wifi.o(.data)
    wifi_changed                             0x2000008c   Data           4  wifi.o(.data)
    wk_up                                    0x20000090   Data           2  wifi.o(.data)
    sending                                  0x20000092   Data           2  wifi.o(.data)
    out_set                                  0x20000094   Data           2  wifi.o(.data)
    write_num                                0x20000096   Data           2  wifi.o(.data)
    apnb                                     0x20000098   Data           2  wifi.o(.data)
    page1_flag                               0x2000009a   Data           2  wifi.o(.data)
    page2_flag                               0x2000009c   Data           2  wifi.o(.data)
    wifi_choose_flag                         0x2000009e   Data           2  wifi.o(.data)
    wifi_lcd                                 0x200000a0   Data           2  wifi.o(.data)
    SN                                       0x200000a2   Data           4  wifi.o(.data)
    p_gprs_buf                               0x200000a8   Data           4  wifi.o(.data)
    p_gprs_rd                                0x200000ac   Data           4  wifi.o(.data)
    USART2_RX_STA                            0x200000b0   Data           2  wifi.o(.data)
    i                                        0x200000b4   Data           4  wifi.o(.data)
    wifi_reload                              0x200000b8   Data           4  wifi.o(.data)
    iSeed                                    0x200000bc   Data           2  adc.o(.data)
    iRand                                    0x200000be   Data           2  adc.o(.data)
    mallco_dev                               0x200000c0   Data          20  malloc.o(.data)
    FILE_TYPE_TBL                            0x200000d4   Data         312  exfuns.o(.data)
    fs                                       0x2000020c   Data           8  exfuns.o(.data)
    file                                     0x20000214   Data           4  exfuns.o(.data)
    ftemp                                    0x20000218   Data           4  exfuns.o(.data)
    br                                       0x2000021c   Data           4  exfuns.o(.data)
    bw                                       0x20000220   Data           4  exfuns.o(.data)
    fatbuf                                   0x20000224   Data           4  exfuns.o(.data)
    tp_dev                                   0x20000234   Data          52  touch.o(.data)
    CMD_RDX                                  0x20000268   Data           1  touch.o(.data)
    CMD_RDY                                  0x20000269   Data           1  touch.o(.data)
    TP_REMIND_MSG_TBL                        0x2000026c   Data           4  touch.o(.data)
    FLASH_SECTOR_COUNT                       0x20000270   Data           2  diskio.o(.data)
    SD_Type                                  0x20000272   Data           1  mmc_sd.o(.data)
    SPI_FLASH_TYPE                           0x20000274   Data           2  flash.o(.data)
    GBK24_PATH                               0x20000278   Data           4  fontupd.o(.data)
    GBK16_PATH                               0x2000027c   Data           4  fontupd.o(.data)
    GBK12_PATH                               0x20000280   Data           4  fontupd.o(.data)
    UNIGBK_PATH                              0x20000284   Data           4  fontupd.o(.data)
    sys_cmd_tab                              0x20000288   Data          28  usmart.o(.data)
    usmart_nametab                           0x200002a4   Data          16  usmart_config.o(.data)
    usmart_dev                               0x200002b4   Data         244  usmart_config.o(.data)
    kbd_tbl                                  0x200003a8   Data          52  common.o(.data)
    kbd_fn_tbl                               0x200003dc   Data           8  common.o(.data)
    USART_RX_BUF                             0x200003f0   Data         200  usart.o(.bss)
    xueya                                    0x200004b8   Data         120  xinlvxueya.o(.bss)
    lcddev                                   0x20000530   Data          14  lcd.o(.bss)
    UART5_RX_BUF                             0x2000053e   Data         400  uart5.o(.bss)
    UART5_TX_BUF                             0x200006ce   Data         400  uart5.o(.bss)
    STMFLASH_BUF                             0x2000085e   Data        2048  stmflash.o(.bss)
    wifista_ssid_buf                         0x20001060   Data         100  wifi.o(.bss)
    wifista_pswd_buf                         0x200010c4   Data         100  wifi.o(.bss)
    wifista_ipnb_buf                         0x20001128   Data         100  wifi.o(.bss)
    wifista_port_buf                         0x2000118c   Data          50  wifi.o(.bss)
    get_wifista_ssid_buf                     0x200011be   Data         100  wifi.o(.bss)
    get_wifista_pswd_buf                     0x20001222   Data         100  wifi.o(.bss)
    get_server_ipnb                          0x20001286   Data         100  wifi.o(.bss)
    get_server_port                          0x200012ea   Data          50  wifi.o(.bss)
    WRITE_WIFI                               0x2000131c   Data        2000  wifi.o(.bss)
    position                                 0x20001aec   Data          40  wifi.o(.bss)
    ssid1                                    0x20001b14   Data          30  wifi.o(.bss)
    ssid2                                    0x20001b32   Data          30  wifi.o(.bss)
    ssid3                                    0x20001b50   Data          30  wifi.o(.bss)
    ssid4                                    0x20001b6e   Data          30  wifi.o(.bss)
    ssid5                                    0x20001b8c   Data          30  wifi.o(.bss)
    ssid6                                    0x20001baa   Data          30  wifi.o(.bss)
    ssid7                                    0x20001bc8   Data          30  wifi.o(.bss)
    ssid8                                    0x20001be6   Data          30  wifi.o(.bss)
    ssid9                                    0x20001c04   Data          30  wifi.o(.bss)
    ssid10                                   0x20001c22   Data          30  wifi.o(.bss)
    getssid                                  0x20001c40   Data          30  wifi.o(.bss)
    sdk_cmd_info                             0x20001c60   Data         188  wifi.o(.bss)
    USART2_RX_BUF                            0x20001d1c   Data        1024  wifi.o(.bss)
    membase                                  0x2000211c   Data       35840  malloc.o(.bss)
    memmapbase                               0x2000ad1c   Data        2240  malloc.o(.bss)
    SPI_InitStructure                        0x2000b5dc   Data          18  spi.o(.bss)
    ftinfo                                   0x2000b5ee   Data          33  fontupd.o(.bss)
    __initial_sp                             0x2000ba10   Data           0  startup_stm32f10x_hd.o(STACK)



==============================================================================

Memory Map of the image

  Image Entry point : 0x08000131

  Load Region LR_IROM1 (Base: 0x08000000, Size: 0x0002049c, Max: 0x00040000, ABSOLUTE, COMPRESSED[0x000201c0])

    Execution Region ER_IROM1 (Base: 0x08000000, Size: 0x000200ac, Max: 0x00040000, ABSOLUTE)

    Base Addr    Size         Type   Attr      Idx    E Section Name        Object

    0x08000000   0x00000130   Data   RO          248    RESET               startup_stm32f10x_hd.o
    0x08000130   0x00000000   Code   RO         1191  * .ARM.Collect$$$$00000000  mc_w.l(entry.o)
    0x08000130   0x00000004   Code   RO         1508    .ARM.Collect$$$$00000001  mc_w.l(entry2.o)
    0x08000134   0x00000004   Code   RO         1511    .ARM.Collect$$$$00000004  mc_w.l(entry5.o)
    0x08000138   0x00000000   Code   RO         1513    .ARM.Collect$$$$00000008  mc_w.l(entry7b.o)
    0x08000138   0x00000000   Code   RO         1515    .ARM.Collect$$$$0000000A  mc_w.l(entry8b.o)
    0x08000138   0x00000008   Code   RO         1516    .ARM.Collect$$$$0000000B  mc_w.l(entry9a.o)
    0x08000140   0x00000000   Code   RO         1518    .ARM.Collect$$$$0000000D  mc_w.l(entry10a.o)
    0x08000140   0x00000000   Code   RO         1520    .ARM.Collect$$$$0000000F  mc_w.l(entry11a.o)
    0x08000140   0x00000004   Code   RO         1509    .ARM.Collect$$$$00002712  mc_w.l(entry2.o)
    0x08000144   0x000004f8   Code   RO            1    .text               main.o
    0x0800063c   0x0000001a   Code   RO          176    .text               stm32f10x_it.o
    0x08000656   0x00000002   PAD
    0x08000658   0x000001e0   Code   RO          217    .text               system_stm32f10x.o
    0x08000838   0x00000024   Code   RO          249    .text               startup_stm32f10x_hd.o
    0x0800085c   0x000000dc   Code   RO          253    .text               misc.o
    0x08000938   0x0000044e   Code   RO          265    .text               stm32f10x_adc.o
    0x08000d86   0x00000002   PAD
    0x08000d88   0x000005bc   Code   RO          373    .text               stm32f10x_flash.o
    0x08001344   0x0000035c   Code   RO          397    .text               stm32f10x_gpio.o
    0x080016a0   0x000003a4   Code   RO          445    .text               stm32f10x_rcc.o
    0x08001a44   0x0000030c   Code   RO          483    .text               stm32f10x_spi.o
    0x08001d50   0x00000e1a   Code   RO          495    .text               stm32f10x_tim.o
    0x08002b6a   0x00000002   PAD
    0x08002b6c   0x00000408   Code   RO          507    .text               stm32f10x_usart.o
    0x08002f74   0x000000d4   Code   RO          531    .text               delay.o
    0x08003048   0x00000140   Code   RO          561    .text               usart.o
    0x08003188   0x000004ac   Code   RO          584    .text               xinlvxueya.o
    0x08003634   0x00005846   Code   RO          606    .text               lcd.o
    0x08008e7a   0x00000002   PAD
    0x08008e7c   0x000002a4   Code   RO          636    .text               uart5.o
    0x08009120   0x000000fc   Code   RO          662    .text               key.o
    0x0800921c   0x00000134   Code   RO          675    .text               stmflash.o
    0x08009350   0x00002200   Code   RO          693    .text               wifi.o
    0x0800b550   0x00000038   Code   RO          739    .text               led.o
    0x0800b588   0x000000f4   Code   RO          751    .text               image2lcd.o
    0x0800b67c   0x000000f4   Code   RO          763    .text               adc.o
    0x0800b770   0x000001a0   Code   RO          785    .text               malloc.o
    0x0800b910   0x00000198   Code   RO          805    .text               exfuns.o
    0x0800baa8   0x00003296   Code   RO          838    .text               ff.o
    0x0800ed3e   0x0000017a   Code   RO          856    .text               24cxx.o
    0x0800eeb8   0x00000258   Code   RO          874    .text               myiic.o
    0x0800f110   0x00000ca4   Code   RO          886    .text               touch.o
    0x0800fdb4   0x000001f8   Code   RO          910    .text               diskio.o
    0x0800ffac   0x00000524   Code   RO          933    .text               mmc_sd.o
    0x080104d0   0x000003c0   Code   RO          954    .text               flash.o
    0x08010890   0x000000e8   Code   RO          972    .text               spi.o
    0x08010978   0x000000cc   Code   RO         1010    .text               mycc936.o
    0x08010a44   0x000003c4   Code   RO         1023    .text               fontupd.o
    0x08010e08   0x000002d4   Code   RO         1044    .text               text.o
    0x080110dc   0x00000c38   Code   RO         1059    .text               usmart.o
    0x08011d14   0x00000528   Code   RO         1088    .text               usmart_str.o
    0x0801223c   0x00000464   Code   RO         1100    .text               common.o
    0x080126a0   0x00000260   Code   RO         1120    .text               ctiic.o
    0x08012900   0x00000334   Code   RO         1135    .text               ft5206.o
    0x08012c34   0x000003e4   Code   RO         1151    .text               gt9147.o
    0x08013018   0x0000036c   Code   RO         1167    .text               ott2001a.o
    0x08013384   0x00000024   Code   RO         1194    .text               mc_w.l(rand.o)
    0x080133a8   0x00000024   Code   RO         1197    .text               mc_w.l(memcpya.o)
    0x080133cc   0x00000024   Code   RO         1199    .text               mc_w.l(memseta.o)
    0x080133f0   0x00000024   Code   RO         1201    .text               mc_w.l(strstr.o)
    0x08013414   0x0000000e   Code   RO         1203    .text               mc_w.l(strlen.o)
    0x08013422   0x0000001c   Code   RO         1205    .text               mc_w.l(strcmp.o)
    0x0801343e   0x00000012   Code   RO         1207    .text               mc_w.l(strcpy.o)
    0x08013450   0x000000b0   Code   RO         1472    .text               mf_w.l(fadd.o)
    0x08013500   0x00000064   Code   RO         1474    .text               mf_w.l(fmul.o)
    0x08013564   0x0000007c   Code   RO         1476    .text               mf_w.l(fdiv.o)
    0x080135e0   0x0000014e   Code   RO         1478    .text               mf_w.l(dadd.o)
    0x0801372e   0x000000e4   Code   RO         1480    .text               mf_w.l(dmul.o)
    0x08013812   0x000000de   Code   RO         1482    .text               mf_w.l(ddiv.o)
    0x080138f0   0x00000012   Code   RO         1484    .text               mf_w.l(fflti.o)
    0x08013902   0x0000000a   Code   RO         1486    .text               mf_w.l(ffltui.o)
    0x0801390c   0x00000022   Code   RO         1488    .text               mf_w.l(dflti.o)
    0x0801392e   0x0000001a   Code   RO         1490    .text               mf_w.l(dfltui.o)
    0x08013948   0x00000032   Code   RO         1492    .text               mf_w.l(ffixi.o)
    0x0801397a   0x00000028   Code   RO         1494    .text               mf_w.l(ffixui.o)
    0x080139a2   0x0000003e   Code   RO         1496    .text               mf_w.l(dfixi.o)
    0x080139e0   0x00000032   Code   RO         1498    .text               mf_w.l(dfixui.o)
    0x08013a12   0x00000026   Code   RO         1500    .text               mf_w.l(f2d.o)
    0x08013a38   0x00000030   Code   RO         1502    .text               mf_w.l(cdcmple.o)
    0x08013a68   0x00000030   Code   RO         1504    .text               mf_w.l(cdrcmple.o)
    0x08013a98   0x00000014   Code   RO         1506    .text               mf_w.l(cfcmple.o)
    0x08013aac   0x0000002c   Code   RO         1522    .text               mc_w.l(uidiv.o)
    0x08013ad8   0x00000062   Code   RO         1524    .text               mc_w.l(uldiv.o)
    0x08013b3a   0x0000001e   Code   RO         1526    .text               mc_w.l(llshl.o)
    0x08013b58   0x00000020   Code   RO         1528    .text               mc_w.l(llushr.o)
    0x08013b78   0x00000024   Code   RO         1530    .text               mc_w.l(llsshr.o)
    0x08013b9c   0x00000000   Code   RO         1539    .text               mc_w.l(iusefp.o)
    0x08013b9c   0x0000006e   Code   RO         1540    .text               mf_w.l(fepilogue.o)
    0x08013c0a   0x000000ba   Code   RO         1542    .text               mf_w.l(depilogue.o)
    0x08013cc4   0x000000a2   Code   RO         1544    .text               mf_w.l(dsqrt.o)
    0x08013d66   0x00000030   Code   RO         1546    .text               mf_w.l(dfixul.o)
    0x08013d96   0x00000002   PAD
    0x08013d98   0x00000024   Code   RO         1548    .text               mc_w.l(init.o)
    0x08013dbc   0x00000056   Code   RO         1558    .text               mc_w.l(__dczerorl2.o)
    0x08013e12   0x00000002   PAD
    0x08013e14   0x00000020   Code   RO         1418    i.__0printf$8       mc_w.l(printf8.o)
    0x08013e34   0x00000028   Code   RO         1420    i.__0sprintf$8      mc_w.l(printf8.o)
    0x08013e5c   0x00000024   Code   RO         1450    i.__0vsprintf       mc_w.l(printfa.o)
    0x08013e80   0x0000000e   Code   RO         1552    i.__scatterload_copy  mc_w.l(handlers.o)
    0x08013e8e   0x00000002   Code   RO         1553    i.__scatterload_null  mc_w.l(handlers.o)
    0x08013e90   0x0000000e   Code   RO         1554    i.__scatterload_zeroinit  mc_w.l(handlers.o)
    0x08013e9e   0x00000002   PAD
    0x08013ea0   0x0000000c   Code   RO         1534    i.__set_errno       mc_w.l(errno.o)
    0x08013eac   0x00000164   Code   RO         1451    i._fp_digits        mc_w.l(printfa.o)
    0x08014010   0x00000410   Code   RO         1425    i._printf_core      mc_w.l(printf8.o)
    0x08014420   0x000006dc   Code   RO         1452    i._printf_core      mc_w.l(printfa.o)
    0x08014afc   0x00000024   Code   RO         1426    i._printf_post_padding  mc_w.l(printf8.o)
    0x08014b20   0x00000024   Code   RO         1453    i._printf_post_padding  mc_w.l(printfa.o)
    0x08014b44   0x0000002e   Code   RO         1427    i._printf_pre_padding  mc_w.l(printf8.o)
    0x08014b72   0x0000002e   Code   RO         1454    i._printf_pre_padding  mc_w.l(printfa.o)
    0x08014ba0   0x0000000a   Code   RO         1429    i._sputc            mc_w.l(printf8.o)
    0x08014baa   0x0000000a   Code   RO         1456    i._sputc            mc_w.l(printfa.o)
    0x08014bb4   0x0000004c   Code   RO         1184    i.sqrt              m_ws.l(sqrt.o)
    0x08014c00   0x000017c0   Data   RO          608    .constdata          lcd.o
    0x080163c0   0x00009608   Data   RO          778    .constdata          image1.o
    0x0801f9c8   0x0000003a   Data   RO          839    .constdata          ff.o
    0x0801fa02   0x0000000c   Data   RO          887    .constdata          touch.o
    0x0801fa0e   0x000003c0   Data   RO         1011    .constdata          mycc936.o
    0x0801fdce   0x0000000a   Data   RO         1136    .constdata          ft5206.o
    0x0801fdd8   0x000000c2   Data   RO         1152    .constdata          gt9147.o
    0x0801fe9a   0x0000000a   Data   RO         1168    .constdata          ott2001a.o
    0x0801fea4   0x00000064   Data   RO          807    .conststring        exfuns.o
    0x0801ff08   0x00000079   Data   RO          888    .conststring        touch.o
    0x0801ff81   0x00000003   PAD
    0x0801ff84   0x0000006d   Data   RO         1025    .conststring        fontupd.o
    0x0801fff1   0x00000003   PAD
    0x0801fff4   0x00000028   Data   RO         1060    .conststring        usmart.o
    0x0802001c   0x0000003c   Data   RO         1075    .conststring        usmart_config.o
    0x08020058   0x00000034   Data   RO         1101    .conststring        common.o
    0x0802008c   0x00000020   Data   RO         1550    Region$$Table       anon$$obj.o


    Execution Region RW_IRAM1 (Base: 0x20000000, Size: 0x0000ba10, Max: 0x0000c000, ABSOLUTE, COMPRESSED[0x00000114])

    Base Addr    Size         Type   Attr      Idx    E Section Name        Object

    0x20000000   0x00000014   Data   RW          218    .data               system_stm32f10x.o
    0x20000014   0x00000014   Data   RW          446    .data               stm32f10x_rcc.o
    0x20000028   0x00000004   Data   RW          532    .data               delay.o
    0x2000002c   0x00000006   Data   RW          563    .data               usart.o
    0x20000032   0x00000002   PAD
    0x20000034   0x00000038   Data   RW          586    .data               xinlvxueya.o
    0x2000006c   0x00000004   Data   RW          609    .data               lcd.o
    0x20000070   0x00000004   Data   RW          638    .data               uart5.o
    0x20000074   0x00000001   Data   RW          663    .data               key.o
    0x20000075   0x00000003   PAD
    0x20000078   0x00000044   Data   RW          695    .data               wifi.o
    0x200000bc   0x00000004   Data   RW          764    .data               adc.o
    0x200000c0   0x00000014   Data   RW          788    .data               malloc.o
    0x200000d4   0x00000154   Data   RW          808    .data               exfuns.o
    0x20000228   0x0000000a   Data   RW          840    .data               ff.o
    0x20000232   0x00000002   PAD
    0x20000234   0x0000003c   Data   RW          889    .data               touch.o
    0x20000270   0x00000002   Data   RW          911    .data               diskio.o
    0x20000272   0x00000001   Data   RW          934    .data               mmc_sd.o
    0x20000273   0x00000001   PAD
    0x20000274   0x00000002   Data   RW          955    .data               flash.o
    0x20000276   0x00000002   PAD
    0x20000278   0x00000010   Data   RW         1026    .data               fontupd.o
    0x20000288   0x0000001c   Data   RW         1061    .data               usmart.o
    0x200002a4   0x00000104   Data   RW         1076    .data               usmart_config.o
    0x200003a8   0x0000003d   Data   RW         1102    .data               common.o
    0x200003e5   0x00000001   Data   RW         1137    .data               ft5206.o
    0x200003e6   0x00000001   Data   RW         1153    .data               gt9147.o
    0x200003e7   0x00000001   Data   RW         1169    .data               ott2001a.o
    0x200003e8   0x00000004   Data   RW         1195    .data               mc_w.l(rand.o)
    0x200003ec   0x00000004   Data   RW         1535    .data               mc_w.l(errno.o)
    0x200003f0   0x000000c8   Zero   RW          562    .bss                usart.o
    0x200004b8   0x00000078   Zero   RW          585    .bss                xinlvxueya.o
    0x20000530   0x0000000e   Zero   RW          607    .bss                lcd.o
    0x2000053e   0x00000320   Zero   RW          637    .bss                uart5.o
    0x2000085e   0x00000800   Zero   RW          676    .bss                stmflash.o
    0x2000105e   0x00000002   PAD
    0x20001060   0x000010bc   Zero   RW          694    .bss                wifi.o
    0x2000211c   0x000094c0   Zero   RW          786    .bss                malloc.o
    0x2000b5dc   0x00000012   Zero   RW          973    .bss                spi.o
    0x2000b5ee   0x00000021   Zero   RW         1024    .bss                fontupd.o
    0x2000b60f   0x00000001   PAD
    0x2000b610   0x00000400   Zero   RW          246    STACK               startup_stm32f10x_hd.o


==============================================================================

Image component sizes


      Code (inc. data)   RO Data    RW Data    ZI Data      Debug   Object Name

       378          0          0          0          0       3254   24cxx.o
       244         16          0          4          0       1644   adc.o
      1124         60         52         61          0       4031   common.o
         0          0          0          0          0         32   core_cm3.o
       608         18          0          0          0       2249   ctiic.o
       212         18          0          4          0       1491   delay.o
       504         12          0          2          0       4306   diskio.o
       408         20        100        340          0       6200   exfuns.o
     12950        138         58         10          0      36770   ff.o
       960         16          0          2          0       5520   flash.o
       964        126        109         16         33       4584   fontupd.o
       820         36         10          1          0       3219   ft5206.o
       996         70        194          1          0       3622   gt9147.o
         0          0      38408          0          0        908   image1.o
       244         14          0          0          0       2238   image2lcd.o
       252         16          0          1          0       1064   key.o
     22598        208       6080          4         14      26147   lcd.o
        56          6          0          0          0        711   led.o
      1272        282          0          0          0     280675   main.o
       416          6          0         20      38080       4953   malloc.o
       220         22          0          0          0       2249   misc.o
      1316         16          0          1          0       6530   mmc_sd.o
       204         12        960          0          0       2117   mycc936.o
       600         12          0          0          0       2100   myiic.o
       876         56         10          1          0       3371   ott2001a.o
       232         12          0          0         18       1753   spi.o
        36          8        304          0       1024        936   startup_stm32f10x_hd.o
      1102         26          0          0          0      11489   stm32f10x_adc.o
      1468         34          0          0          0       8658   stm32f10x_flash.o
       860         38          0          0          0       6181   stm32f10x_gpio.o
        26          0          0          0          0       1406   stm32f10x_it.o
       932         36          0         20          0       9584   stm32f10x_rcc.o
       780         14          0          0          0       7062   stm32f10x_spi.o
      3610         88          0          0          0      23288   stm32f10x_tim.o
      1032         22          0          0          0       8908   stm32f10x_usart.o
       308          8          0          0       2048       3390   stmflash.o
       480         38          0         20          0       2415   system_stm32f10x.o
       724         16          0          0          0       3576   text.o
      3236        202        133         60          0       7643   touch.o
       676         40          0          4        800       4327   uart5.o
       320         16          0          6        200       3858   usart.o
      3128       1284         40         28          0       5054   usmart.o
         0          0         60        260          0       2376   usmart_config.o
      1320         12          0          0          0       5721   usmart_str.o
      8704       2264          0         68       4284      14275   wifi.o
      1196        234          0         56        120       2666   xinlvxueya.o

    ----------------------------------------------------------------------
     78400       5572      46556       1000      46624     544551   Object Totals
         0          0         32          0          0          0   (incl. Generated)
         8          0          6         10          3          0   (incl. Padding)

    ----------------------------------------------------------------------

      Code (inc. data)   RO Data    RW Data    ZI Data      Debug   Library Member Name

        76          0          0          0          0         84   sqrt.o
        86          0          0          0          0          0   __dczerorl2.o
         0          0          0          0          0          0   entry.o
         0          0          0          0          0          0   entry10a.o
         0          0          0          0          0          0   entry11a.o
         8          4          0          0          0          0   entry2.o
         4          0          0          0          0          0   entry5.o
         0          0          0          0          0          0   entry7b.o
         0          0          0          0          0          0   entry8b.o
         8          4          0          0          0          0   entry9a.o
        12          6          0          4          0         68   errno.o
        30          0          0          0          0          0   handlers.o
        36          8          0          0          0         68   init.o
         0          0          0          0          0          0   iusefp.o
        30          0          0          0          0         68   llshl.o
        36          0          0          0          0         68   llsshr.o
        32          0          0          0          0         68   llushr.o
        36          0          0          0          0         68   memcpya.o
        36          0          0          0          0        108   memseta.o
      1204         60          0          0          0        504   printf8.o
      2240         86          0          0          0        508   printfa.o
        36         10          0          4          0        136   rand.o
        28          0          0          0          0         76   strcmp.o
        18          0          0          0          0         68   strcpy.o
        14          0          0          0          0         68   strlen.o
        36          0          0          0          0         80   strstr.o
        44          0          0          0          0         80   uidiv.o
        98          0          0          0          0         92   uldiv.o
        48          0          0          0          0         68   cdcmple.o
        48          0          0          0          0         68   cdrcmple.o
        20          0          0          0          0         68   cfcmple.o
       334          0          0          0          0        148   dadd.o
       222          0          0          0          0        100   ddiv.o
       186          0          0          0          0        176   depilogue.o
        62          0          0          0          0         80   dfixi.o
        50          0          0          0          0         76   dfixui.o
        48          0          0          0          0         68   dfixul.o
        34          0          0          0          0         76   dflti.o
        26          0          0          0          0         76   dfltui.o
       228          0          0          0          0         96   dmul.o
       162          0          0          0          0        100   dsqrt.o
        38          0          0          0          0         68   f2d.o
       176          0          0          0          0        140   fadd.o
       124          0          0          0          0         88   fdiv.o
       110          0          0          0          0        168   fepilogue.o
        50          0          0          0          0         68   ffixi.o
        40          0          0          0          0         68   ffixui.o
        18          0          0          0          0         68   fflti.o
        10          0          0          0          0         68   ffltui.o
       100          0          0          0          0         76   fmul.o

    ----------------------------------------------------------------------
      6288        178          0          8          0       4224   Library Totals
         6          0          0          0          0          0   (incl. Padding)

    ----------------------------------------------------------------------

      Code (inc. data)   RO Data    RW Data    ZI Data      Debug   Library Name

        76          0          0          0          0         84   m_ws.l
      4072        178          0          8          0       2128   mc_w.l
      2134          0          0          0          0       2012   mf_w.l

    ----------------------------------------------------------------------
      6288        178          0          8          0       4224   Library Totals

    ----------------------------------------------------------------------

==============================================================================


      Code (inc. data)   RO Data    RW Data    ZI Data      Debug   

     84688       5750      46556       1008      46624     542975   Grand Totals
     84688       5750      46556        276      46624     542975   ELF Image Totals (compressed)
     84688       5750      46556        276          0          0   ROM Totals

==============================================================================

    Total RO  Size (Code + RO Data)               131244 ( 128.17kB)
    Total RW  Size (RW Data + ZI Data)             47632 (  46.52kB)
    Total ROM Size (Code + RO Data + RW Data)     131520 ( 128.44kB)

==============================================================================

