<html>
<body>
<pre>
<h1>礦ision Build Log</h1>
<h2>Tool Versions:</h2>
IDE-Version: μVision V5.18.0.0
Copyright (C) 2016 ARM Ltd and ARM Germany GmbH. All rights reserved.
License Information: saas ZhangZhen, asda, LIC=50D74-FMVII-ZELH2-9YPDR-Z4PUR-6LSXQ
 
Tool Versions:
Toolchain:       MDK-ARM Professional  Version: 5.18
Toolchain Path:  F:\SoftWare\Keil5\ARM\ARMCC\Bin
C Compiler:      Armcc.exe V5.06 update 1 (build 61)
Assembler:       Armasm.exe V5.06 update 1 (build 61)
Linker/Locator:  ArmLink.exe V5.06 update 1 (build 61)
Library Manager: ArmAr.exe V5.06 update 1 (build 61)
Hex Converter:   FromElf.exe V5.06 update 1 (build 61)
CPU DLL:         SARMCM3.DLL V5.18
Dialog DLL:      DCM.DLL V1.13.6.0
Target DLL:      STLink\ST-LINKIII-KEIL_SWO.dll V2.0.18.0
Dialog DLL:      TCM.DLL V1.14.8.0
 
<h2>Project:</h2>
D:\【实验室项目】\【按摩椅项目】\0602心率血压采集显示wifi上传九版(终版1版)（自动重连，上传数据，可单独改wifi，IP，加入adc随机数，可连接数据库，key1按键功能修改,两秒间隔采集,key0长按显示wifi列表并选择）\USER\Template.uvprojx
Project File Date:  05/31/2020

<h2>Output:</h2>
*** Using Compiler 'V5.06 update 1 (build 61)', folder: 'F:\SoftWare\Keil5\ARM\ARMCC\Bin'
Build target 'Template'
compiling xinlvxueya.c...
linking...
Program Size: Code=84688 RO-data=46556 RW-data=1008 ZI-data=46624  
FromELF: creating hex file...
"..\OBJ\Template.axf" - 0 Error(s), 0 Warning(s).

<h2>Collection of Component include folders:</h2>
  D:\【实验室项目】\【按摩椅项目】\0602心率血压采集显示wifi上传九版(终版1版)（自动重连，上传数据，可单独改wifi，IP，加入adc随机数，可连接数据库，key1按键功能修改,两秒间隔采集,key0长按显示wifi列表并选择）\USER\RTE
  F:\SoftWare\Keil5\ARM\PACK\Keil\STM32F1xx_DFP\1.0.5\Device\Include

<h2>Collection of Component Files used:</h2>
Build Time Elapsed:  00:00:02
</pre>
</body>
</html>
